MPLINK 5.00, LINKER
Linker Map File - Created Sat Apr 15 10:34:23 2023

                                 Section Info
                  Section       Type    Address   Location Size(Bytes)
                ---------  ---------  ---------  ---------  ---------
               _entry_scn       code   0x000000    program   0x000006
           .code___init.o       code   0x000006    program   0x000002
      InterruptVectorHigh       code   0x000008    program   0x000006
     .idata_interrupt.o_i    romdata   0x00000e    program   0x000004
       InterruptVectorLow       code   0x000018    program   0x000006
                   .cinit    romdata   0x00001e    program   0x00003e
             .code_main.o       code   0x00005c    program   0x000e08
              .code_lcd.o       code   0x000e64    program   0x0007c2
            .code_timer.o       code   0x001626    program   0x000264
           .code_button.o       code   0x00188a    program   0x00019a
        .code_interrupt.o       code   0x001a24    program   0x00015a
             .stringtable    romdata   0x001b7e    program   0x0000ab
           .romdata_lcd.o    romdata   0x001c29    program   0x000000
      .idata_fxd1616u.o_i    romdata   0x001c29    program   0x000000
      .romdata_fxd1616u.o    romdata   0x001c29    program   0x000000
     .romdata_interrupt.o    romdata   0x001c29    program   0x000000
        .romdata_button.o    romdata   0x001c29    program   0x000000
         .romdata_timer.o    romdata   0x001c29    program   0x000000
      .idata_fxd2424u.o_i    romdata   0x001c29    program   0x000000
      .romdata_fxd2424u.o    romdata   0x001c29    program   0x000000
      .idata_fxd3232u.o_i    romdata   0x001c29    program   0x000000
      .romdata_fxd3232u.o    romdata   0x001c29    program   0x000000
       .idata_fxm3232.o_i    romdata   0x001c29    program   0x000000
       .romdata_fxm3232.o    romdata   0x001c29    program   0x000000
        .idata___init.o_i    romdata   0x001c29    program   0x000000
        .romdata___init.o    romdata   0x001c29    program   0x000000
         .romdata_c018i.o    romdata   0x001c29    program   0x000000
          .romdata_main.o    romdata   0x001c29    program   0x000000
         .idata_c018i.o_i    romdata   0x001c29    program   0x000000
            .code_c018i.o       code   0x001c2a    program   0x000000
                     PROG       code   0x001c2a    program   0x0000a6
               _cinit_scn       code   0x001cd0    program   0x00009e
          .code_fxm3232.o       code   0x001d6e    program   0x000070
         .code_fxd3232u.o       code   0x001dde    program   0x000048
         .code_fxd2424u.o       code   0x001e26    program   0x00003a
         .code_fxd1616u.o       code   0x001e60    program   0x00002c
                    .code       code   0x001e8c    program   0x000020
             _startup_scn       code   0x001eac    program   0x00001c
         .idata_timer.o_i    romdata   0x001ec8    program   0x000020
          .idata_main.o_i    romdata   0x001ee8    program   0x00002a
           .idata_lcd.o_i    romdata   0x001f12    program   0x000021
        .idata_button.o_i    romdata   0x001f33    program   0x000030
    .config_300001_main.o    romdata   0x300001    program   0x000001
    .config_300002_main.o    romdata   0x300002    program   0x000001
    .config_300003_main.o    romdata   0x300003    program   0x000001
    .config_300005_main.o    romdata   0x300005    program   0x000001
    .config_300006_main.o    romdata   0x300006    program   0x000001
    .config_300008_main.o    romdata   0x300008    program   0x000001
    .config_300009_main.o    romdata   0x300009    program   0x000001
    .config_30000a_main.o    romdata   0x30000a    program   0x000001
    .config_30000b_main.o    romdata   0x30000b    program   0x000001
    .config_30000c_main.o    romdata   0x30000c    program   0x000001
    .config_30000d_main.o    romdata   0x30000d    program   0x000001
                MATH_DATA      udata   0x000000       data   0x000010
                 .tmpdata      udata   0x000010       data   0x00000a
          .idata_button.o      idata   0x000080       data   0x000030
            .idata_main.o      idata   0x0000b0       data   0x00002a
             .idata_lcd.o      idata   0x0000da       data   0x000021
             .udata_lcd.o      udata   0x0000fb       data   0x000004
          .idata___init.o      idata   0x0000ff       data   0x000000
          .udata___init.o      udata   0x0000ff       data   0x000000
         .idata_fxm3232.o      idata   0x0000ff       data   0x000000
         .udata_fxm3232.o      udata   0x0000ff       data   0x000000
        .idata_fxd3232u.o      idata   0x0000ff       data   0x000000
        .udata_fxd3232u.o      udata   0x0000ff       data   0x000000
        .idata_fxd2424u.o      idata   0x0000ff       data   0x000000
        .udata_fxd2424u.o      udata   0x0000ff       data   0x000000
        .idata_fxd1616u.o      idata   0x0000ff       data   0x000000
        .udata_fxd1616u.o      udata   0x0000ff       data   0x000000
       .udata_interrupt.o      udata   0x0000ff       data   0x000000
           .udata_timer.o      udata   0x0000ff       data   0x000000
           .idata_c018i.o      idata   0x0000ff       data   0x000000
            .udata_main.o      udata   0x0000ff       data   0x000000
          .udata_button.o      udata   0x0000ff       data   0x000000
                   .stack      udata   0x000e00       data   0x000100
           .idata_timer.o      idata   0x000f00       data   0x000020
           .udata_c018i.o      udata   0x000f20       data   0x00000a
       .idata_interrupt.o      idata   0x000f2a       data   0x000004
            SFR_UNBANKED0      udata   0x000f80       data   0x000080



                              Program Memory Usage 
                               Start         End      
                           ---------   ---------      
                            0x000000    0x000011      
                            0x000018    0x001c28      
                            0x001c2a    0x001f62      
                            0x300001    0x300003      
                            0x300005    0x300006      
                            0x300008    0x30000d      
            8039 out of 66584 program addresses used, program memory utilization is 12%



                              Symbols - Sorted by Name
                     Name    Address   Location    Storage File                     
                ---------  ---------  ---------  --------- ---------                
         BaiTap_ChongRung   0x0002d2    program     extern C:\Users\DELL\OneDrive\Máy tính\Do An TKLL-20230311T025918Z-001\Do An TKLL\PICKITMPLAB\Bai3_Button_LCD\main.c
            Baitap_Dongho   0x000b0c    program     extern C:\Users\DELL\OneDrive\Máy tính\Do An TKLL-20230311T025918Z-001\Do An TKLL\PICKITMPLAB\Bai3_Button_LCD\main.c
              CloseOutput   0x0001bc    program     extern C:\Users\DELL\OneDrive\Máy tính\Do An TKLL-20230311T025918Z-001\Do An TKLL\PICKITMPLAB\Bai3_Button_LCD\main.c
                   D1616S   0x001c4c    program     static E:\3.46\pic18-lt\cxx-framework\src\traditional\math\fxd1616s.asm
                D1616SNEG   0x001c5a    program     static E:\3.46\pic18-lt\cxx-framework\src\traditional\math\fxd1616s.asm
                 D1616SOK   0x001c56    program     static E:\3.46\pic18-lt\cxx-framework\src\traditional\math\fxd1616s.asm
                  D1616SX   0x001c6c    program     static E:\3.46\pic18-lt\cxx-framework\src\traditional\math\fxd1616s.asm
                   D2424S   0x001ca0    program     static E:\3.46\pic18-lt\cxx-framework\src\traditional\math\fxd2424s.asm
                D2424SNEG   0x001cae    program     static E:\3.46\pic18-lt\cxx-framework\src\traditional\math\fxd2424s.asm
                 D2424SOK   0x001caa    program     static E:\3.46\pic18-lt\cxx-framework\src\traditional\math\fxd2424s.asm
                  D2424SX   0x001cc6    program     static E:\3.46\pic18-lt\cxx-framework\src\traditional\math\fxd2424s.asm
                  DA1616S   0x001c3c    program     static E:\3.46\pic18-lt\cxx-framework\src\traditional\math\fxd1616s.asm
                  DA2424S   0x001c8c    program     static E:\3.46\pic18-lt\cxx-framework\src\traditional\math\fxd2424s.asm
         DisplayLcdScreen   0x001224    program     extern C:\Users\DELL\OneDrive\Máy tính\Do An TKLL-20230311T025918Z-001\Do An TKLL\PICKITMPLAB\Bai3_Button_LCD\lcd\lcd.c
        DisplayLcdScreen2   0x001244    program     extern C:\Users\DELL\OneDrive\Máy tính\Do An TKLL-20230311T025918Z-001\Do An TKLL\PICKITMPLAB\Bai3_Button_LCD\lcd\lcd.c
                 FXD1616S   0x001c2a    program     extern E:\3.46\pic18-lt\cxx-framework\src\traditional\math\fxd1616s.asm
                 FXD1616U   0x001e60    program     extern E:\3.46\pic18-lt\cxx-framework\src\traditional\math\fxd1616u.c
                 FXD2424S   0x001c76    program     extern E:\3.46\pic18-lt\cxx-framework\src\traditional\math\fxd2424s.asm
                 FXD2424U   0x001e26    program     extern E:\3.46\pic18-lt\cxx-framework\src\traditional\math\fxd2424u.c
                 FXD3232U   0x001dde    program     extern E:\3.46\pic18-lt\cxx-framework\src\traditional\math\fxd3232u.c
                  FXM3232   0x001d6e    program     extern E:\3.46\pic18-lt\cxx-framework\src\traditional\math\fxm3232.c
      InterruptVectorHigh   0x000008    program     extern C:\Users\DELL\OneDrive\Máy tính\Do An TKLL-20230311T025918Z-001\Do An TKLL\PICKITMPLAB\Bai3_Button_LCD\interrupt\interrupt.c
       InterruptVectorLow   0x000018    program     extern C:\Users\DELL\OneDrive\Máy tính\Do An TKLL-20230311T025918Z-001\Do An TKLL\PICKITMPLAB\Bai3_Button_LCD\interrupt\interrupt.c
                 Kiem_tra   0x000314    program     extern C:\Users\DELL\OneDrive\Máy tính\Do An TKLL-20230311T025918Z-001\Do An TKLL\PICKITMPLAB\Bai3_Button_LCD\main.c
                Kiem_tra2   0x000408    program     extern C:\Users\DELL\OneDrive\Máy tính\Do An TKLL-20230311T025918Z-001\Do An TKLL\PICKITMPLAB\Bai3_Button_LCD\main.c
                LcdClearS   0x0011a4    program     extern C:\Users\DELL\OneDrive\Máy tính\Do An TKLL-20230311T025918Z-001\Do An TKLL\PICKITMPLAB\Bai3_Button_LCD\lcd\lcd.c
               LcdClearS0   0x0011d6    program     extern C:\Users\DELL\OneDrive\Máy tính\Do An TKLL-20230311T025918Z-001\Do An TKLL\PICKITMPLAB\Bai3_Button_LCD\lcd\lcd.c
               LcdClearS1   0x0011fe    program     extern C:\Users\DELL\OneDrive\Máy tính\Do An TKLL-20230311T025918Z-001\Do An TKLL\PICKITMPLAB\Bai3_Button_LCD\lcd\lcd.c
            LcdPrintCharS   0x001280    program     extern C:\Users\DELL\OneDrive\Máy tính\Do An TKLL-20230311T025918Z-001\Do An TKLL\PICKITMPLAB\Bai3_Button_LCD\lcd\lcd.c
              LcdPrintNum   0x00114a    program     extern C:\Users\DELL\OneDrive\Máy tính\Do An TKLL-20230311T025918Z-001\Do An TKLL\PICKITMPLAB\Bai3_Button_LCD\lcd\lcd.c
             LcdPrintNumS   0x0012a2    program     extern C:\Users\DELL\OneDrive\Máy tính\Do An TKLL-20230311T025918Z-001\Do An TKLL\PICKITMPLAB\Bai3_Button_LCD\lcd\lcd.c
           LcdPrintString   0x001168    program     extern C:\Users\DELL\OneDrive\Máy tính\Do An TKLL-20230311T025918Z-001\Do An TKLL\PICKITMPLAB\Bai3_Button_LCD\lcd\lcd.c
          LcdPrintStringS   0x001344    program     extern C:\Users\DELL\OneDrive\Máy tính\Do An TKLL-20230311T025918Z-001\Do An TKLL\PICKITMPLAB\Bai3_Button_LCD\lcd\lcd.c
                Nhacantoi   0x000ae6    program     extern C:\Users\DELL\OneDrive\Máy tính\Do An TKLL-20230311T025918Z-001\Do An TKLL\PICKITMPLAB\Bai3_Button_LCD\main.c
               OpenOutput   0x000196    program     extern C:\Users\DELL\OneDrive\Máy tính\Do An TKLL-20230311T025918Z-001\Do An TKLL\PICKITMPLAB\Bai3_Button_LCD\main.c
                Print_Alm   0x000a2a    program     extern C:\Users\DELL\OneDrive\Máy tính\Do An TKLL-20230311T025918Z-001\Do An TKLL\PICKITMPLAB\Bai3_Button_LCD\main.c
              Print_month   0x0004fa    program     extern C:\Users\DELL\OneDrive\Máy tính\Do An TKLL-20230311T025918Z-001\Do An TKLL\PICKITMPLAB\Bai3_Button_LCD\main.c
               Print_time   0x0008bc    program     extern C:\Users\DELL\OneDrive\Máy tính\Do An TKLL-20230311T025918Z-001\Do An TKLL\PICKITMPLAB\Bai3_Button_LCD\main.c
               Print_week   0x00049e    program     extern C:\Users\DELL\OneDrive\Máy tính\Do An TKLL-20230311T025918Z-001\Do An TKLL\PICKITMPLAB\Bai3_Button_LCD\main.c
            ReverseOutput   0x0001e2    program     extern C:\Users\DELL\OneDrive\Máy tính\Do An TKLL-20230311T025918Z-001\Do An TKLL\PICKITMPLAB\Bai3_Button_LCD\main.c
                  SetTime   0x000596    program     extern C:\Users\DELL\OneDrive\Máy tính\Do An TKLL-20230311T025918Z-001\Do An TKLL\PICKITMPLAB\Bai3_Button_LCD\main.c
             SetTimer0_ms   0x001762    program     extern C:\Users\DELL\OneDrive\Máy tính\Do An TKLL-20230311T025918Z-001\Do An TKLL\PICKITMPLAB\Bai3_Button_LCD\timer\timer.c
             SetTimer1_ms   0x00177a    program     extern C:\Users\DELL\OneDrive\Máy tính\Do An TKLL-20230311T025918Z-001\Do An TKLL\PICKITMPLAB\Bai3_Button_LCD\timer\timer.c
             SetTimer3_ms   0x0017ac    program     extern C:\Users\DELL\OneDrive\Máy tính\Do An TKLL-20230311T025918Z-001\Do An TKLL\PICKITMPLAB\Bai3_Button_LCD\timer\timer.c
               TestOutput   0x000216    program     extern C:\Users\DELL\OneDrive\Máy tính\Do An TKLL-20230311T025918Z-001\Do An TKLL\PICKITMPLAB\Bai3_Button_LCD\main.c
           Test_KeyMatrix   0x000b68    program     extern C:\Users\DELL\OneDrive\Máy tính\Do An TKLL-20230311T025918Z-001\Do An TKLL\PICKITMPLAB\Bai3_Button_LCD\main.c
       ___return_lbl00000   0x001ddc    program     static                          
       ___return_lbl00000   0x001e8a    program     static                          
       ___return_lbl00000   0x000004    program     static                          
       ___return_lbl00000   0x001e24    program     static                          
       ___return_lbl00000   0x001e5e    program     static                          
       ___return_lbl00001   0x001ec6    program     static                          
       ___return_lbl00002   0x001d6c    program     static                          
       ___return_lbl00002   0x00001c    program     static                          
       ___return_lbl00003   0x00000c    program     static                          
               __config_0   0x300001    program     static C:\Users\DELL\OneDrive\Máy tính\Do An TKLL-20230311T025918Z-001\Do An TKLL\PICKITMPLAB\Bai3_Button_LCD\main.c
               __config_1   0x300002    program     static C:\Users\DELL\OneDrive\Máy tính\Do An TKLL-20230311T025918Z-001\Do An TKLL\PICKITMPLAB\Bai3_Button_LCD\main.c
              __config_10   0x30000d    program     static C:\Users\DELL\OneDrive\Máy tính\Do An TKLL-20230311T025918Z-001\Do An TKLL\PICKITMPLAB\Bai3_Button_LCD\main.c
               __config_2   0x300003    program     static C:\Users\DELL\OneDrive\Máy tính\Do An TKLL-20230311T025918Z-001\Do An TKLL\PICKITMPLAB\Bai3_Button_LCD\main.c
               __config_3   0x300005    program     static C:\Users\DELL\OneDrive\Máy tính\Do An TKLL-20230311T025918Z-001\Do An TKLL\PICKITMPLAB\Bai3_Button_LCD\main.c
               __config_4   0x300006    program     static C:\Users\DELL\OneDrive\Máy tính\Do An TKLL-20230311T025918Z-001\Do An TKLL\PICKITMPLAB\Bai3_Button_LCD\main.c
               __config_5   0x300008    program     static C:\Users\DELL\OneDrive\Máy tính\Do An TKLL-20230311T025918Z-001\Do An TKLL\PICKITMPLAB\Bai3_Button_LCD\main.c
               __config_6   0x300009    program     static C:\Users\DELL\OneDrive\Máy tính\Do An TKLL-20230311T025918Z-001\Do An TKLL\PICKITMPLAB\Bai3_Button_LCD\main.c
               __config_7   0x30000a    program     static C:\Users\DELL\OneDrive\Máy tính\Do An TKLL-20230311T025918Z-001\Do An TKLL\PICKITMPLAB\Bai3_Button_LCD\main.c
               __config_8   0x30000b    program     static C:\Users\DELL\OneDrive\Máy tính\Do An TKLL-20230311T025918Z-001\Do An TKLL\PICKITMPLAB\Bai3_Button_LCD\main.c
               __config_9   0x30000c    program     static C:\Users\DELL\OneDrive\Máy tính\Do An TKLL-20230311T025918Z-001\Do An TKLL\PICKITMPLAB\Bai3_Button_LCD\main.c
                   __init   0x000006    program     extern E:\3.46\pic18-lt\cxx-framework\src\traditional\stdclib\__init.c
                   __pa_0   0x000bbe    program     static C:\Users\DELL\OneDrive\Máy tính\Do An TKLL-20230311T025918Z-001\Do An TKLL\PICKITMPLAB\Bai3_Button_LCD\main.c
                   __pa_0   0x0017de    program     static C:\Users\DELL\OneDrive\Máy tính\Do An TKLL-20230311T025918Z-001\Do An TKLL\PICKITMPLAB\Bai3_Button_LCD\timer\timer.c
                   __pa_0   0x001b04    program     static C:\Users\DELL\OneDrive\Máy tính\Do An TKLL-20230311T025918Z-001\Do An TKLL\PICKITMPLAB\Bai3_Button_LCD\interrupt\interrupt.c
                   __pa_0   0x001376    program     static C:\Users\DELL\OneDrive\Máy tính\Do An TKLL-20230311T025918Z-001\Do An TKLL\PICKITMPLAB\Bai3_Button_LCD\lcd\lcd.c
                   __pa_0   0x0019c6    program     static C:\Users\DELL\OneDrive\Máy tính\Do An TKLL-20230311T025918Z-001\Do An TKLL\PICKITMPLAB\Bai3_Button_LCD\button_matrix\button.c
                   __pa_1   0x00180a    program     static C:\Users\DELL\OneDrive\Máy tính\Do An TKLL-20230311T025918Z-001\Do An TKLL\PICKITMPLAB\Bai3_Button_LCD\timer\timer.c
                   __pa_1   0x001b2e    program     static C:\Users\DELL\OneDrive\Máy tính\Do An TKLL-20230311T025918Z-001\Do An TKLL\PICKITMPLAB\Bai3_Button_LCD\interrupt\interrupt.c
                   __pa_1   0x001384    program     static C:\Users\DELL\OneDrive\Máy tính\Do An TKLL-20230311T025918Z-001\Do An TKLL\PICKITMPLAB\Bai3_Button_LCD\lcd\lcd.c
                   __pa_1   0x000bcc    program     static C:\Users\DELL\OneDrive\Máy tính\Do An TKLL-20230311T025918Z-001\Do An TKLL\PICKITMPLAB\Bai3_Button_LCD\main.c
                   __pa_1   0x0019d6    program     static C:\Users\DELL\OneDrive\Máy tính\Do An TKLL-20230311T025918Z-001\Do An TKLL\PICKITMPLAB\Bai3_Button_LCD\button_matrix\button.c
                  __pa_10   0x00187c    program     static C:\Users\DELL\OneDrive\Máy tính\Do An TKLL-20230311T025918Z-001\Do An TKLL\PICKITMPLAB\Bai3_Button_LCD\timer\timer.c
                  __pa_10   0x00142a    program     static C:\Users\DELL\OneDrive\Máy tính\Do An TKLL-20230311T025918Z-001\Do An TKLL\PICKITMPLAB\Bai3_Button_LCD\lcd\lcd.c
                  __pa_10   0x000c38    program     static C:\Users\DELL\OneDrive\Máy tính\Do An TKLL-20230311T025918Z-001\Do An TKLL\PICKITMPLAB\Bai3_Button_LCD\main.c
                  __pa_11   0x001444    program     static C:\Users\DELL\OneDrive\Máy tính\Do An TKLL-20230311T025918Z-001\Do An TKLL\PICKITMPLAB\Bai3_Button_LCD\lcd\lcd.c
                  __pa_11   0x000c42    program     static C:\Users\DELL\OneDrive\Máy tính\Do An TKLL-20230311T025918Z-001\Do An TKLL\PICKITMPLAB\Bai3_Button_LCD\main.c
                  __pa_12   0x00144c    program     static C:\Users\DELL\OneDrive\Máy tính\Do An TKLL-20230311T025918Z-001\Do An TKLL\PICKITMPLAB\Bai3_Button_LCD\lcd\lcd.c
                  __pa_12   0x000c54    program     static C:\Users\DELL\OneDrive\Máy tính\Do An TKLL-20230311T025918Z-001\Do An TKLL\PICKITMPLAB\Bai3_Button_LCD\main.c
                  __pa_13   0x001464    program     static C:\Users\DELL\OneDrive\Máy tính\Do An TKLL-20230311T025918Z-001\Do An TKLL\PICKITMPLAB\Bai3_Button_LCD\lcd\lcd.c
                  __pa_13   0x000c70    program     static C:\Users\DELL\OneDrive\Máy tính\Do An TKLL-20230311T025918Z-001\Do An TKLL\PICKITMPLAB\Bai3_Button_LCD\main.c
                  __pa_14   0x001476    program     static C:\Users\DELL\OneDrive\Máy tính\Do An TKLL-20230311T025918Z-001\Do An TKLL\PICKITMPLAB\Bai3_Button_LCD\lcd\lcd.c
                  __pa_14   0x000c88    program     static C:\Users\DELL\OneDrive\Máy tính\Do An TKLL-20230311T025918Z-001\Do An TKLL\PICKITMPLAB\Bai3_Button_LCD\main.c
                  __pa_15   0x001482    program     static C:\Users\DELL\OneDrive\Máy tính\Do An TKLL-20230311T025918Z-001\Do An TKLL\PICKITMPLAB\Bai3_Button_LCD\lcd\lcd.c
                  __pa_15   0x000c90    program     static C:\Users\DELL\OneDrive\Máy tính\Do An TKLL-20230311T025918Z-001\Do An TKLL\PICKITMPLAB\Bai3_Button_LCD\main.c
                  __pa_16   0x001494    program     static C:\Users\DELL\OneDrive\Máy tính\Do An TKLL-20230311T025918Z-001\Do An TKLL\PICKITMPLAB\Bai3_Button_LCD\lcd\lcd.c
                  __pa_16   0x000c9c    program     static C:\Users\DELL\OneDrive\Máy tính\Do An TKLL-20230311T025918Z-001\Do An TKLL\PICKITMPLAB\Bai3_Button_LCD\main.c
                  __pa_17   0x000caa    program     static C:\Users\DELL\OneDrive\Máy tính\Do An TKLL-20230311T025918Z-001\Do An TKLL\PICKITMPLAB\Bai3_Button_LCD\main.c
                  __pa_17   0x0014a6    program     static C:\Users\DELL\OneDrive\Máy tính\Do An TKLL-20230311T025918Z-001\Do An TKLL\PICKITMPLAB\Bai3_Button_LCD\lcd\lcd.c
                  __pa_18   0x000cbc    program     static C:\Users\DELL\OneDrive\Máy tính\Do An TKLL-20230311T025918Z-001\Do An TKLL\PICKITMPLAB\Bai3_Button_LCD\main.c
                  __pa_18   0x0014b2    program     static C:\Users\DELL\OneDrive\Máy tính\Do An TKLL-20230311T025918Z-001\Do An TKLL\PICKITMPLAB\Bai3_Button_LCD\lcd\lcd.c
                  __pa_19   0x0014bc    program     static C:\Users\DELL\OneDrive\Máy tính\Do An TKLL-20230311T025918Z-001\Do An TKLL\PICKITMPLAB\Bai3_Button_LCD\lcd\lcd.c
                  __pa_19   0x000cce    program     static C:\Users\DELL\OneDrive\Máy tính\Do An TKLL-20230311T025918Z-001\Do An TKLL\PICKITMPLAB\Bai3_Button_LCD\main.c
                   __pa_2   0x001b54    program     static C:\Users\DELL\OneDrive\Máy tính\Do An TKLL-20230311T025918Z-001\Do An TKLL\PICKITMPLAB\Bai3_Button_LCD\interrupt\interrupt.c
                   __pa_2   0x000bd2    program     static C:\Users\DELL\OneDrive\Máy tính\Do An TKLL-20230311T025918Z-001\Do An TKLL\PICKITMPLAB\Bai3_Button_LCD\main.c
                   __pa_2   0x001814    program     static C:\Users\DELL\OneDrive\Máy tính\Do An TKLL-20230311T025918Z-001\Do An TKLL\PICKITMPLAB\Bai3_Button_LCD\timer\timer.c
                   __pa_2   0x0019e2    program     static C:\Users\DELL\OneDrive\Máy tính\Do An TKLL-20230311T025918Z-001\Do An TKLL\PICKITMPLAB\Bai3_Button_LCD\button_matrix\button.c
                   __pa_2   0x001392    program     static C:\Users\DELL\OneDrive\Máy tính\Do An TKLL-20230311T025918Z-001\Do An TKLL\PICKITMPLAB\Bai3_Button_LCD\lcd\lcd.c
                  __pa_20   0x0014c4    program     static C:\Users\DELL\OneDrive\Máy tính\Do An TKLL-20230311T025918Z-001\Do An TKLL\PICKITMPLAB\Bai3_Button_LCD\lcd\lcd.c
                  __pa_20   0x000cd8    program     static C:\Users\DELL\OneDrive\Máy tính\Do An TKLL-20230311T025918Z-001\Do An TKLL\PICKITMPLAB\Bai3_Button_LCD\main.c
                  __pa_21   0x0014d4    program     static C:\Users\DELL\OneDrive\Máy tính\Do An TKLL-20230311T025918Z-001\Do An TKLL\PICKITMPLAB\Bai3_Button_LCD\lcd\lcd.c
                  __pa_21   0x000ce2    program     static C:\Users\DELL\OneDrive\Máy tính\Do An TKLL-20230311T025918Z-001\Do An TKLL\PICKITMPLAB\Bai3_Button_LCD\main.c
                  __pa_22   0x0014e2    program     static C:\Users\DELL\OneDrive\Máy tính\Do An TKLL-20230311T025918Z-001\Do An TKLL\PICKITMPLAB\Bai3_Button_LCD\lcd\lcd.c
                  __pa_22   0x000cec    program     static C:\Users\DELL\OneDrive\Máy tính\Do An TKLL-20230311T025918Z-001\Do An TKLL\PICKITMPLAB\Bai3_Button_LCD\main.c
                  __pa_23   0x0014f0    program     static C:\Users\DELL\OneDrive\Máy tính\Do An TKLL-20230311T025918Z-001\Do An TKLL\PICKITMPLAB\Bai3_Button_LCD\lcd\lcd.c
                  __pa_23   0x000cf6    program     static C:\Users\DELL\OneDrive\Máy tính\Do An TKLL-20230311T025918Z-001\Do An TKLL\PICKITMPLAB\Bai3_Button_LCD\main.c
                  __pa_24   0x0014fe    program     static C:\Users\DELL\OneDrive\Máy tính\Do An TKLL-20230311T025918Z-001\Do An TKLL\PICKITMPLAB\Bai3_Button_LCD\lcd\lcd.c
                  __pa_24   0x000cfe    program     static C:\Users\DELL\OneDrive\Máy tính\Do An TKLL-20230311T025918Z-001\Do An TKLL\PICKITMPLAB\Bai3_Button_LCD\main.c
                  __pa_25   0x001508    program     static C:\Users\DELL\OneDrive\Máy tính\Do An TKLL-20230311T025918Z-001\Do An TKLL\PICKITMPLAB\Bai3_Button_LCD\lcd\lcd.c
                  __pa_25   0x000d0c    program     static C:\Users\DELL\OneDrive\Máy tính\Do An TKLL-20230311T025918Z-001\Do An TKLL\PICKITMPLAB\Bai3_Button_LCD\main.c
                  __pa_26   0x000d1a    program     static C:\Users\DELL\OneDrive\Máy tính\Do An TKLL-20230311T025918Z-001\Do An TKLL\PICKITMPLAB\Bai3_Button_LCD\main.c
                  __pa_26   0x00151a    program     static C:\Users\DELL\OneDrive\Máy tính\Do An TKLL-20230311T025918Z-001\Do An TKLL\PICKITMPLAB\Bai3_Button_LCD\lcd\lcd.c
                  __pa_27   0x001528    program     static C:\Users\DELL\OneDrive\Máy tính\Do An TKLL-20230311T025918Z-001\Do An TKLL\PICKITMPLAB\Bai3_Button_LCD\lcd\lcd.c
                  __pa_27   0x000d28    program     static C:\Users\DELL\OneDrive\Máy tính\Do An TKLL-20230311T025918Z-001\Do An TKLL\PICKITMPLAB\Bai3_Button_LCD\main.c
                  __pa_28   0x001532    program     static C:\Users\DELL\OneDrive\Máy tính\Do An TKLL-20230311T025918Z-001\Do An TKLL\PICKITMPLAB\Bai3_Button_LCD\lcd\lcd.c
                  __pa_28   0x000d36    program     static C:\Users\DELL\OneDrive\Máy tính\Do An TKLL-20230311T025918Z-001\Do An TKLL\PICKITMPLAB\Bai3_Button_LCD\main.c
                  __pa_29   0x001548    program     static C:\Users\DELL\OneDrive\Máy tính\Do An TKLL-20230311T025918Z-001\Do An TKLL\PICKITMPLAB\Bai3_Button_LCD\lcd\lcd.c
                  __pa_29   0x000d44    program     static C:\Users\DELL\OneDrive\Máy tính\Do An TKLL-20230311T025918Z-001\Do An TKLL\PICKITMPLAB\Bai3_Button_LCD\main.c
                   __pa_3   0x00181c    program     static C:\Users\DELL\OneDrive\Máy tính\Do An TKLL-20230311T025918Z-001\Do An TKLL\PICKITMPLAB\Bai3_Button_LCD\timer\timer.c
                   __pa_3   0x00139c    program     static C:\Users\DELL\OneDrive\Máy tính\Do An TKLL-20230311T025918Z-001\Do An TKLL\PICKITMPLAB\Bai3_Button_LCD\lcd\lcd.c
                   __pa_3   0x0019ec    program     static C:\Users\DELL\OneDrive\Máy tính\Do An TKLL-20230311T025918Z-001\Do An TKLL\PICKITMPLAB\Bai3_Button_LCD\button_matrix\button.c
                   __pa_3   0x000be4    program     static C:\Users\DELL\OneDrive\Máy tính\Do An TKLL-20230311T025918Z-001\Do An TKLL\PICKITMPLAB\Bai3_Button_LCD\main.c
                   __pa_3   0x001b62    program     static C:\Users\DELL\OneDrive\Máy tính\Do An TKLL-20230311T025918Z-001\Do An TKLL\PICKITMPLAB\Bai3_Button_LCD\interrupt\interrupt.c
                  __pa_30   0x000d52    program     static C:\Users\DELL\OneDrive\Máy tính\Do An TKLL-20230311T025918Z-001\Do An TKLL\PICKITMPLAB\Bai3_Button_LCD\main.c
                  __pa_30   0x00155a    program     static C:\Users\DELL\OneDrive\Máy tính\Do An TKLL-20230311T025918Z-001\Do An TKLL\PICKITMPLAB\Bai3_Button_LCD\lcd\lcd.c
                  __pa_31   0x001570    program     static C:\Users\DELL\OneDrive\Máy tính\Do An TKLL-20230311T025918Z-001\Do An TKLL\PICKITMPLAB\Bai3_Button_LCD\lcd\lcd.c
                  __pa_31   0x000d60    program     static C:\Users\DELL\OneDrive\Máy tính\Do An TKLL-20230311T025918Z-001\Do An TKLL\PICKITMPLAB\Bai3_Button_LCD\main.c
                  __pa_32   0x000d6e    program     static C:\Users\DELL\OneDrive\Máy tính\Do An TKLL-20230311T025918Z-001\Do An TKLL\PICKITMPLAB\Bai3_Button_LCD\main.c
                  __pa_32   0x00157a    program     static C:\Users\DELL\OneDrive\Máy tính\Do An TKLL-20230311T025918Z-001\Do An TKLL\PICKITMPLAB\Bai3_Button_LCD\lcd\lcd.c
                  __pa_33   0x000d7c    program     static C:\Users\DELL\OneDrive\Máy tính\Do An TKLL-20230311T025918Z-001\Do An TKLL\PICKITMPLAB\Bai3_Button_LCD\main.c
                  __pa_33   0x001582    program     static C:\Users\DELL\OneDrive\Máy tính\Do An TKLL-20230311T025918Z-001\Do An TKLL\PICKITMPLAB\Bai3_Button_LCD\lcd\lcd.c
                  __pa_34   0x000d8a    program     static C:\Users\DELL\OneDrive\Máy tính\Do An TKLL-20230311T025918Z-001\Do An TKLL\PICKITMPLAB\Bai3_Button_LCD\main.c
                  __pa_34   0x00158e    program     static C:\Users\DELL\OneDrive\Máy tính\Do An TKLL-20230311T025918Z-001\Do An TKLL\PICKITMPLAB\Bai3_Button_LCD\lcd\lcd.c
                  __pa_35   0x0015a0    program     static C:\Users\DELL\OneDrive\Máy tính\Do An TKLL-20230311T025918Z-001\Do An TKLL\PICKITMPLAB\Bai3_Button_LCD\lcd\lcd.c
                  __pa_35   0x000d94    program     static C:\Users\DELL\OneDrive\Máy tính\Do An TKLL-20230311T025918Z-001\Do An TKLL\PICKITMPLAB\Bai3_Button_LCD\main.c
                  __pa_36   0x000d9c    program     static C:\Users\DELL\OneDrive\Máy tính\Do An TKLL-20230311T025918Z-001\Do An TKLL\PICKITMPLAB\Bai3_Button_LCD\main.c
                  __pa_36   0x0015b2    program     static C:\Users\DELL\OneDrive\Máy tính\Do An TKLL-20230311T025918Z-001\Do An TKLL\PICKITMPLAB\Bai3_Button_LCD\lcd\lcd.c
                  __pa_37   0x0015c4    program     static C:\Users\DELL\OneDrive\Máy tính\Do An TKLL-20230311T025918Z-001\Do An TKLL\PICKITMPLAB\Bai3_Button_LCD\lcd\lcd.c
                  __pa_37   0x000da2    program     static C:\Users\DELL\OneDrive\Máy tính\Do An TKLL-20230311T025918Z-001\Do An TKLL\PICKITMPLAB\Bai3_Button_LCD\main.c
                  __pa_38   0x0015ce    program     static C:\Users\DELL\OneDrive\Máy tính\Do An TKLL-20230311T025918Z-001\Do An TKLL\PICKITMPLAB\Bai3_Button_LCD\lcd\lcd.c
                  __pa_38   0x000da8    program     static C:\Users\DELL\OneDrive\Máy tính\Do An TKLL-20230311T025918Z-001\Do An TKLL\PICKITMPLAB\Bai3_Button_LCD\main.c
                  __pa_39   0x0015d4    program     static C:\Users\DELL\OneDrive\Máy tính\Do An TKLL-20230311T025918Z-001\Do An TKLL\PICKITMPLAB\Bai3_Button_LCD\lcd\lcd.c
                  __pa_39   0x000dae    program     static C:\Users\DELL\OneDrive\Máy tính\Do An TKLL-20230311T025918Z-001\Do An TKLL\PICKITMPLAB\Bai3_Button_LCD\main.c
                   __pa_4   0x0019fe    program     static C:\Users\DELL\OneDrive\Máy tính\Do An TKLL-20230311T025918Z-001\Do An TKLL\PICKITMPLAB\Bai3_Button_LCD\button_matrix\button.c
                   __pa_4   0x000bea    program     static C:\Users\DELL\OneDrive\Máy tính\Do An TKLL-20230311T025918Z-001\Do An TKLL\PICKITMPLAB\Bai3_Button_LCD\main.c
                   __pa_4   0x001824    program     static C:\Users\DELL\OneDrive\Máy tính\Do An TKLL-20230311T025918Z-001\Do An TKLL\PICKITMPLAB\Bai3_Button_LCD\timer\timer.c
                   __pa_4   0x0013a4    program     static C:\Users\DELL\OneDrive\Máy tính\Do An TKLL-20230311T025918Z-001\Do An TKLL\PICKITMPLAB\Bai3_Button_LCD\lcd\lcd.c
                   __pa_4   0x001b70    program     static C:\Users\DELL\OneDrive\Máy tính\Do An TKLL-20230311T025918Z-001\Do An TKLL\PICKITMPLAB\Bai3_Button_LCD\interrupt\interrupt.c
                  __pa_40   0x000db4    program     static C:\Users\DELL\OneDrive\Máy tính\Do An TKLL-20230311T025918Z-001\Do An TKLL\PICKITMPLAB\Bai3_Button_LCD\main.c
                  __pa_40   0x0015e2    program     static C:\Users\DELL\OneDrive\Máy tính\Do An TKLL-20230311T025918Z-001\Do An TKLL\PICKITMPLAB\Bai3_Button_LCD\lcd\lcd.c
                  __pa_41   0x000dc2    program     static C:\Users\DELL\OneDrive\Máy tính\Do An TKLL-20230311T025918Z-001\Do An TKLL\PICKITMPLAB\Bai3_Button_LCD\main.c
                  __pa_41   0x0015f0    program     static C:\Users\DELL\OneDrive\Máy tính\Do An TKLL-20230311T025918Z-001\Do An TKLL\PICKITMPLAB\Bai3_Button_LCD\lcd\lcd.c
                  __pa_42   0x0015fc    program     static C:\Users\DELL\OneDrive\Máy tính\Do An TKLL-20230311T025918Z-001\Do An TKLL\PICKITMPLAB\Bai3_Button_LCD\lcd\lcd.c
                  __pa_42   0x000dc8    program     static C:\Users\DELL\OneDrive\Máy tính\Do An TKLL-20230311T025918Z-001\Do An TKLL\PICKITMPLAB\Bai3_Button_LCD\main.c
                  __pa_43   0x000dda    program     static C:\Users\DELL\OneDrive\Máy tính\Do An TKLL-20230311T025918Z-001\Do An TKLL\PICKITMPLAB\Bai3_Button_LCD\main.c
                  __pa_43   0x001608    program     static C:\Users\DELL\OneDrive\Máy tính\Do An TKLL-20230311T025918Z-001\Do An TKLL\PICKITMPLAB\Bai3_Button_LCD\lcd\lcd.c
                  __pa_44   0x001614    program     static C:\Users\DELL\OneDrive\Máy tính\Do An TKLL-20230311T025918Z-001\Do An TKLL\PICKITMPLAB\Bai3_Button_LCD\lcd\lcd.c
                  __pa_44   0x000de8    program     static C:\Users\DELL\OneDrive\Máy tính\Do An TKLL-20230311T025918Z-001\Do An TKLL\PICKITMPLAB\Bai3_Button_LCD\main.c
                  __pa_45   0x000df6    program     static C:\Users\DELL\OneDrive\Máy tính\Do An TKLL-20230311T025918Z-001\Do An TKLL\PICKITMPLAB\Bai3_Button_LCD\main.c
                  __pa_45   0x00161c    program     static C:\Users\DELL\OneDrive\Máy tính\Do An TKLL-20230311T025918Z-001\Do An TKLL\PICKITMPLAB\Bai3_Button_LCD\lcd\lcd.c
                  __pa_46   0x000e02    program     static C:\Users\DELL\OneDrive\Máy tính\Do An TKLL-20230311T025918Z-001\Do An TKLL\PICKITMPLAB\Bai3_Button_LCD\main.c
                  __pa_47   0x000e12    program     static C:\Users\DELL\OneDrive\Máy tính\Do An TKLL-20230311T025918Z-001\Do An TKLL\PICKITMPLAB\Bai3_Button_LCD\main.c
                  __pa_48   0x000e1e    program     static C:\Users\DELL\OneDrive\Máy tính\Do An TKLL-20230311T025918Z-001\Do An TKLL\PICKITMPLAB\Bai3_Button_LCD\main.c
                  __pa_49   0x000e28    program     static C:\Users\DELL\OneDrive\Máy tính\Do An TKLL-20230311T025918Z-001\Do An TKLL\PICKITMPLAB\Bai3_Button_LCD\main.c
                   __pa_5   0x001834    program     static C:\Users\DELL\OneDrive\Máy tính\Do An TKLL-20230311T025918Z-001\Do An TKLL\PICKITMPLAB\Bai3_Button_LCD\timer\timer.c
                   __pa_5   0x000bf8    program     static C:\Users\DELL\OneDrive\Máy tính\Do An TKLL-20230311T025918Z-001\Do An TKLL\PICKITMPLAB\Bai3_Button_LCD\main.c
                   __pa_5   0x001a1e    program     static C:\Users\DELL\OneDrive\Máy tính\Do An TKLL-20230311T025918Z-001\Do An TKLL\PICKITMPLAB\Bai3_Button_LCD\button_matrix\button.c
                   __pa_5   0x0013b6    program     static C:\Users\DELL\OneDrive\Máy tính\Do An TKLL-20230311T025918Z-001\Do An TKLL\PICKITMPLAB\Bai3_Button_LCD\lcd\lcd.c
                  __pa_50   0x000e34    program     static C:\Users\DELL\OneDrive\Máy tính\Do An TKLL-20230311T025918Z-001\Do An TKLL\PICKITMPLAB\Bai3_Button_LCD\main.c
                  __pa_51   0x000e42    program     static C:\Users\DELL\OneDrive\Máy tính\Do An TKLL-20230311T025918Z-001\Do An TKLL\PICKITMPLAB\Bai3_Button_LCD\main.c
                  __pa_52   0x000e4e    program     static C:\Users\DELL\OneDrive\Máy tính\Do An TKLL-20230311T025918Z-001\Do An TKLL\PICKITMPLAB\Bai3_Button_LCD\main.c
                  __pa_53   0x000e56    program     static C:\Users\DELL\OneDrive\Máy tính\Do An TKLL-20230311T025918Z-001\Do An TKLL\PICKITMPLAB\Bai3_Button_LCD\main.c
                  __pa_54   0x000e5e    program     static C:\Users\DELL\OneDrive\Máy tính\Do An TKLL-20230311T025918Z-001\Do An TKLL\PICKITMPLAB\Bai3_Button_LCD\main.c
                   __pa_6   0x001844    program     static C:\Users\DELL\OneDrive\Máy tính\Do An TKLL-20230311T025918Z-001\Do An TKLL\PICKITMPLAB\Bai3_Button_LCD\timer\timer.c
                   __pa_6   0x000c08    program     static C:\Users\DELL\OneDrive\Máy tính\Do An TKLL-20230311T025918Z-001\Do An TKLL\PICKITMPLAB\Bai3_Button_LCD\main.c
                   __pa_6   0x0013d4    program     static C:\Users\DELL\OneDrive\Máy tính\Do An TKLL-20230311T025918Z-001\Do An TKLL\PICKITMPLAB\Bai3_Button_LCD\lcd\lcd.c
                   __pa_7   0x001852    program     static C:\Users\DELL\OneDrive\Máy tính\Do An TKLL-20230311T025918Z-001\Do An TKLL\PICKITMPLAB\Bai3_Button_LCD\timer\timer.c
                   __pa_7   0x000c14    program     static C:\Users\DELL\OneDrive\Máy tính\Do An TKLL-20230311T025918Z-001\Do An TKLL\PICKITMPLAB\Bai3_Button_LCD\main.c
                   __pa_7   0x0013ec    program     static C:\Users\DELL\OneDrive\Máy tính\Do An TKLL-20230311T025918Z-001\Do An TKLL\PICKITMPLAB\Bai3_Button_LCD\lcd\lcd.c
                   __pa_8   0x001406    program     static C:\Users\DELL\OneDrive\Máy tính\Do An TKLL-20230311T025918Z-001\Do An TKLL\PICKITMPLAB\Bai3_Button_LCD\lcd\lcd.c
                   __pa_8   0x000c26    program     static C:\Users\DELL\OneDrive\Máy tính\Do An TKLL-20230311T025918Z-001\Do An TKLL\PICKITMPLAB\Bai3_Button_LCD\main.c
                   __pa_8   0x001860    program     static C:\Users\DELL\OneDrive\Máy tính\Do An TKLL-20230311T025918Z-001\Do An TKLL\PICKITMPLAB\Bai3_Button_LCD\timer\timer.c
                   __pa_9   0x001420    program     static C:\Users\DELL\OneDrive\Máy tính\Do An TKLL-20230311T025918Z-001\Do An TKLL\PICKITMPLAB\Bai3_Button_LCD\lcd\lcd.c
                   __pa_9   0x000c30    program     static C:\Users\DELL\OneDrive\Máy tính\Do An TKLL-20230311T025918Z-001\Do An TKLL\PICKITMPLAB\Bai3_Button_LCD\main.c
                   __pa_9   0x00186e    program     static C:\Users\DELL\OneDrive\Máy tính\Do An TKLL-20230311T025918Z-001\Do An TKLL\PICKITMPLAB\Bai3_Button_LCD\timer\timer.c
               __string_0   0x001c18    program     static C:\Users\DELL\OneDrive\Máy tính\Do An TKLL-20230311T025918Z-001\Do An TKLL\PICKITMPLAB\Bai3_Button_LCD\main.c
               __string_1   0x001c08    program     static C:\Users\DELL\OneDrive\Máy tính\Do An TKLL-20230311T025918Z-001\Do An TKLL\PICKITMPLAB\Bai3_Button_LCD\main.c
              __string_10   0x001be3    program     static C:\Users\DELL\OneDrive\Máy tính\Do An TKLL-20230311T025918Z-001\Do An TKLL\PICKITMPLAB\Bai3_Button_LCD\main.c
              __string_11   0x001bdf    program     static C:\Users\DELL\OneDrive\Máy tính\Do An TKLL-20230311T025918Z-001\Do An TKLL\PICKITMPLAB\Bai3_Button_LCD\main.c
              __string_12   0x001bdb    program     static C:\Users\DELL\OneDrive\Máy tính\Do An TKLL-20230311T025918Z-001\Do An TKLL\PICKITMPLAB\Bai3_Button_LCD\main.c
              __string_13   0x001bd7    program     static C:\Users\DELL\OneDrive\Máy tính\Do An TKLL-20230311T025918Z-001\Do An TKLL\PICKITMPLAB\Bai3_Button_LCD\main.c
              __string_14   0x001bd3    program     static C:\Users\DELL\OneDrive\Máy tính\Do An TKLL-20230311T025918Z-001\Do An TKLL\PICKITMPLAB\Bai3_Button_LCD\main.c
              __string_15   0x001bcf    program     static C:\Users\DELL\OneDrive\Máy tính\Do An TKLL-20230311T025918Z-001\Do An TKLL\PICKITMPLAB\Bai3_Button_LCD\main.c
              __string_16   0x001bcb    program     static C:\Users\DELL\OneDrive\Máy tính\Do An TKLL-20230311T025918Z-001\Do An TKLL\PICKITMPLAB\Bai3_Button_LCD\main.c
              __string_17   0x001bc7    program     static C:\Users\DELL\OneDrive\Máy tính\Do An TKLL-20230311T025918Z-001\Do An TKLL\PICKITMPLAB\Bai3_Button_LCD\main.c
              __string_18   0x001bc3    program     static C:\Users\DELL\OneDrive\Máy tính\Do An TKLL-20230311T025918Z-001\Do An TKLL\PICKITMPLAB\Bai3_Button_LCD\main.c
              __string_19   0x001bbf    program     static C:\Users\DELL\OneDrive\Máy tính\Do An TKLL-20230311T025918Z-001\Do An TKLL\PICKITMPLAB\Bai3_Button_LCD\main.c
               __string_2   0x001c03    program     static C:\Users\DELL\OneDrive\Máy tính\Do An TKLL-20230311T025918Z-001\Do An TKLL\PICKITMPLAB\Bai3_Button_LCD\main.c
              __string_20   0x001bbb    program     static C:\Users\DELL\OneDrive\Máy tính\Do An TKLL-20230311T025918Z-001\Do An TKLL\PICKITMPLAB\Bai3_Button_LCD\main.c
              __string_21   0x001bb7    program     static C:\Users\DELL\OneDrive\Máy tính\Do An TKLL-20230311T025918Z-001\Do An TKLL\PICKITMPLAB\Bai3_Button_LCD\main.c
              __string_22   0x001bb3    program     static C:\Users\DELL\OneDrive\Máy tính\Do An TKLL-20230311T025918Z-001\Do An TKLL\PICKITMPLAB\Bai3_Button_LCD\main.c
              __string_23   0x001bb0    program     static C:\Users\DELL\OneDrive\Máy tính\Do An TKLL-20230311T025918Z-001\Do An TKLL\PICKITMPLAB\Bai3_Button_LCD\main.c
              __string_24   0x001bae    program     static C:\Users\DELL\OneDrive\Máy tính\Do An TKLL-20230311T025918Z-001\Do An TKLL\PICKITMPLAB\Bai3_Button_LCD\main.c
              __string_25   0x001bac    program     static C:\Users\DELL\OneDrive\Máy tính\Do An TKLL-20230311T025918Z-001\Do An TKLL\PICKITMPLAB\Bai3_Button_LCD\main.c
              __string_26   0x001baa    program     static C:\Users\DELL\OneDrive\Máy tính\Do An TKLL-20230311T025918Z-001\Do An TKLL\PICKITMPLAB\Bai3_Button_LCD\main.c
              __string_27   0x001ba7    program     static C:\Users\DELL\OneDrive\Máy tính\Do An TKLL-20230311T025918Z-001\Do An TKLL\PICKITMPLAB\Bai3_Button_LCD\main.c
              __string_28   0x001ba3    program     static C:\Users\DELL\OneDrive\Máy tính\Do An TKLL-20230311T025918Z-001\Do An TKLL\PICKITMPLAB\Bai3_Button_LCD\main.c
              __string_29   0x001ba0    program     static C:\Users\DELL\OneDrive\Máy tính\Do An TKLL-20230311T025918Z-001\Do An TKLL\PICKITMPLAB\Bai3_Button_LCD\main.c
               __string_3   0x001bff    program     static C:\Users\DELL\OneDrive\Máy tính\Do An TKLL-20230311T025918Z-001\Do An TKLL\PICKITMPLAB\Bai3_Button_LCD\main.c
              __string_30   0x001b9e    program     static C:\Users\DELL\OneDrive\Máy tính\Do An TKLL-20230311T025918Z-001\Do An TKLL\PICKITMPLAB\Bai3_Button_LCD\main.c
              __string_31   0x001b8a    program     static C:\Users\DELL\OneDrive\Máy tính\Do An TKLL-20230311T025918Z-001\Do An TKLL\PICKITMPLAB\Bai3_Button_LCD\main.c
              __string_32   0x001b80    program     static C:\Users\DELL\OneDrive\Máy tính\Do An TKLL-20230311T025918Z-001\Do An TKLL\PICKITMPLAB\Bai3_Button_LCD\main.c
              __string_33   0x001b7e    program     static C:\Users\DELL\OneDrive\Máy tính\Do An TKLL-20230311T025918Z-001\Do An TKLL\PICKITMPLAB\Bai3_Button_LCD\main.c
               __string_4   0x001bfb    program     static C:\Users\DELL\OneDrive\Máy tính\Do An TKLL-20230311T025918Z-001\Do An TKLL\PICKITMPLAB\Bai3_Button_LCD\main.c
               __string_5   0x001bf7    program     static C:\Users\DELL\OneDrive\Máy tính\Do An TKLL-20230311T025918Z-001\Do An TKLL\PICKITMPLAB\Bai3_Button_LCD\main.c
               __string_6   0x001bf3    program     static C:\Users\DELL\OneDrive\Máy tính\Do An TKLL-20230311T025918Z-001\Do An TKLL\PICKITMPLAB\Bai3_Button_LCD\main.c
               __string_7   0x001bef    program     static C:\Users\DELL\OneDrive\Máy tính\Do An TKLL-20230311T025918Z-001\Do An TKLL\PICKITMPLAB\Bai3_Button_LCD\main.c
               __string_8   0x001beb    program     static C:\Users\DELL\OneDrive\Máy tính\Do An TKLL-20230311T025918Z-001\Do An TKLL\PICKITMPLAB\Bai3_Button_LCD\main.c
               __string_9   0x001be7    program     static C:\Users\DELL\OneDrive\Máy tính\Do An TKLL-20230311T025918Z-001\Do An TKLL\PICKITMPLAB\Bai3_Button_LCD\main.c
              __tmplbl_35   0x000c30    program     static                          
              __tmplbl_36   0x000c30    program     static                          
              __tmplbl_37   0x000c30    program     static                          
              __tmplbl_38   0x000c30    program     static                          
              __tmplbl_39   0x000c30    program     static                          
              __tmplbl_40   0x000c30    program     static                          
              __tmplbl_41   0x000c30    program     static                          
            __zero_memory   0x001e8c    program     extern E:\3.46\pic18-lt\cxx-framework\src\traditional\proc\p18f4620.asm
                _do_cinit   0x001cd0    program     extern E:\3.46\pic18-lt\cxx-framework\src\traditional\startup\c018i.c
                   _entry   0x000000    program     extern E:\3.46\pic18-lt\cxx-framework\src\traditional\startup\c018i.c
                   _false   0x001e20    program     static                          
                   _false   0x001e5a    program     static                          
                 _startup   0x001eac    program     extern E:\3.46\pic18-lt\cxx-framework\src\traditional\startup\c018i.c
                compare_l   0x001ea2    program     static E:\3.46\pic18-lt\cxx-framework\src\traditional\proc\p18f4620.asm
                copy_loop   0x001d42    program     static                          
            copy_one_byte   0x001d48    program     static                          
                 delay_ms   0x0000ae    program     extern C:\Users\DELL\OneDrive\Máy tính\Do An TKLL-20230311T025918Z-001\Do An TKLL\PICKITMPLAB\Bai3_Button_LCD\main.c
                     done   0x001d6c    program     static                          
             done_copying   0x001d56    program     static                          
                  endloop   0x001e86    program     static                          
                 high_isr   0x001aa6    program     extern C:\Users\DELL\OneDrive\Máy tính\Do An TKLL-20230311T025918Z-001\Do An TKLL\PICKITMPLAB\Bai3_Button_LCD\interrupt\interrupt.c
            init_ext_int0   0x001a2c    program     extern C:\Users\DELL\OneDrive\Máy tính\Do An TKLL-20230311T025918Z-001\Do An TKLL\PICKITMPLAB\Bai3_Button_LCD\interrupt\interrupt.c
           init_interrupt   0x001a24    program     extern C:\Users\DELL\OneDrive\Máy tính\Do An TKLL-20230311T025918Z-001\Do An TKLL\PICKITMPLAB\Bai3_Button_LCD\interrupt\interrupt.c
          init_key_matrix   0x00188a    program     extern C:\Users\DELL\OneDrive\Máy tính\Do An TKLL-20230311T025918Z-001\Do An TKLL\PICKITMPLAB\Bai3_Button_LCD\button_matrix\button.c
                 init_lcd   0x000f2c    program     extern C:\Users\DELL\OneDrive\Máy tính\Do An TKLL-20230311T025918Z-001\Do An TKLL\PICKITMPLAB\Bai3_Button_LCD\lcd\lcd.c
              init_system   0x000122    program     extern C:\Users\DELL\OneDrive\Máy tính\Do An TKLL-20230311T025918Z-001\Do An TKLL\PICKITMPLAB\Bai3_Button_LCD\main.c
              init_timer0   0x001626    program     extern C:\Users\DELL\OneDrive\Máy tính\Do An TKLL-20230311T025918Z-001\Do An TKLL\PICKITMPLAB\Bai3_Button_LCD\timer\timer.c
              init_timer1   0x001652    program     extern C:\Users\DELL\OneDrive\Máy tính\Do An TKLL-20230311T025918Z-001\Do An TKLL\PICKITMPLAB\Bai3_Button_LCD\timer\timer.c
              init_timer2   0x001684    program     extern C:\Users\DELL\OneDrive\Máy tính\Do An TKLL-20230311T025918Z-001\Do An TKLL\PICKITMPLAB\Bai3_Button_LCD\timer\timer.c
              init_timer3   0x0016b0    program     extern C:\Users\DELL\OneDrive\Máy tính\Do An TKLL-20230311T025918Z-001\Do An TKLL\PICKITMPLAB\Bai3_Button_LCD\timer\timer.c
             isButtonDown   0x0002c2    program     extern C:\Users\DELL\OneDrive\Máy tính\Do An TKLL-20230311T025918Z-001\Do An TKLL\PICKITMPLAB\Bai3_Button_LCD\main.c
            isButtonPress   0x000292    program     extern C:\Users\DELL\OneDrive\Máy tính\Do An TKLL-20230311T025918Z-001\Do An TKLL\PICKITMPLAB\Bai3_Button_LCD\main.c
               isButtonUp   0x000262    program     extern C:\Users\DELL\OneDrive\Máy tính\Do An TKLL-20230311T025918Z-001\Do An TKLL\PICKITMPLAB\Bai3_Button_LCD\main.c
                lcd_clear   0x00113e    program     extern C:\Users\DELL\OneDrive\Máy tính\Do An TKLL-20230311T025918Z-001\Do An TKLL\PICKITMPLAB\Bai3_Button_LCD\lcd\lcd.c
                lcd_delay   0x000e64    program     extern C:\Users\DELL\OneDrive\Máy tính\Do An TKLL-20230311T025918Z-001\Do An TKLL\PICKITMPLAB\Bai3_Button_LCD\lcd\lcd.c
             lcd_power_of   0x000fc0    program     extern C:\Users\DELL\OneDrive\Máy tính\Do An TKLL-20230311T025918Z-001\Do An TKLL\PICKITMPLAB\Bai3_Button_LCD\lcd\lcd.c
           lcd_print_char   0x000f82    program     extern C:\Users\DELL\OneDrive\Máy tính\Do An TKLL-20230311T025918Z-001\Do An TKLL\PICKITMPLAB\Bai3_Button_LCD\lcd\lcd.c
          lcd_print_charS   0x00117e    program     extern C:\Users\DELL\OneDrive\Máy tính\Do An TKLL-20230311T025918Z-001\Do An TKLL\PICKITMPLAB\Bai3_Button_LCD\lcd\lcd.c
            lcd_print_num   0x00106a    program     extern C:\Users\DELL\OneDrive\Máy tính\Do An TKLL-20230311T025918Z-001\Do An TKLL\PICKITMPLAB\Bai3_Button_LCD\lcd\lcd.c
            lcd_print_str   0x000f90    program     extern C:\Users\DELL\OneDrive\Máy tính\Do An TKLL-20230311T025918Z-001\Do An TKLL\PICKITMPLAB\Bai3_Button_LCD\lcd\lcd.c
         lcd_send_command   0x000f1a    program     extern C:\Users\DELL\OneDrive\Máy tính\Do An TKLL-20230311T025918Z-001\Do An TKLL\PICKITMPLAB\Bai3_Button_LCD\lcd\lcd.c
           lcd_set_cursor   0x001114    program     extern C:\Users\DELL\OneDrive\Máy tính\Do An TKLL-20230311T025918Z-001\Do An TKLL\PICKITMPLAB\Bai3_Button_LCD\lcd\lcd.c
          lcd_write_4bits   0x000f62    program     extern C:\Users\DELL\OneDrive\Máy tính\Do An TKLL-20230311T025918Z-001\Do An TKLL\PICKITMPLAB\Bai3_Button_LCD\lcd\lcd.c
            lcd_write_cmd   0x000f70    program     extern C:\Users\DELL\OneDrive\Máy tính\Do An TKLL-20230311T025918Z-001\Do An TKLL\PICKITMPLAB\Bai3_Button_LCD\lcd\lcd.c
           lcd_write_data   0x000f78    program     extern C:\Users\DELL\OneDrive\Máy tính\Do An TKLL-20230311T025918Z-001\Do An TKLL\PICKITMPLAB\Bai3_Button_LCD\lcd\lcd.c
                     loop   0x001ebc    program     static                          
                     loop   0x001dec    program     static                          
                     loop   0x001e32    program     static                          
                     loop   0x001e6a    program     static                          
                   loop_h   0x001e9a    program     static E:\3.46\pic18-lt\cxx-framework\src\traditional\proc\p18f4620.asm
                   loop_l   0x001ea4    program     static E:\3.46\pic18-lt\cxx-framework\src\traditional\proc\p18f4620.asm
                  low_isr   0x001a34    program     extern C:\Users\DELL\OneDrive\Máy tính\Do An TKLL-20230311T025918Z-001\Do An TKLL\PICKITMPLAB\Bai3_Button_LCD\interrupt\interrupt.c
                     main   0x00005c    program     extern C:\Users\DELL\OneDrive\Máy tính\Do An TKLL-20230311T025918Z-001\Do An TKLL\PICKITMPLAB\Bai3_Button_LCD\main.c
          scan_key_button   0x001892    program     extern C:\Users\DELL\OneDrive\Máy tính\Do An TKLL-20230311T025918Z-001\Do An TKLL\PICKITMPLAB\Bai3_Button_LCD\button_matrix\button.c
          scan_key_matrix   0x0018f6    program     extern C:\Users\DELL\OneDrive\Máy tính\Do An TKLL-20230311T025918Z-001\Do An TKLL\PICKITMPLAB\Bai3_Button_LCD\button_matrix\button.c
             start_timer0   0x00164c    program     extern C:\Users\DELL\OneDrive\Máy tính\Do An TKLL-20230311T025918Z-001\Do An TKLL\PICKITMPLAB\Bai3_Button_LCD\timer\timer.c
             start_timer1   0x00167a    program     extern C:\Users\DELL\OneDrive\Máy tính\Do An TKLL-20230311T025918Z-001\Do An TKLL\PICKITMPLAB\Bai3_Button_LCD\timer\timer.c
             start_timer2   0x0016a4    program     extern C:\Users\DELL\OneDrive\Máy tính\Do An TKLL-20230311T025918Z-001\Do An TKLL\PICKITMPLAB\Bai3_Button_LCD\timer\timer.c
             start_timer3   0x0016de    program     extern C:\Users\DELL\OneDrive\Máy tính\Do An TKLL-20230311T025918Z-001\Do An TKLL\PICKITMPLAB\Bai3_Button_LCD\timer\timer.c
              stop_timer0   0x001648    program     extern C:\Users\DELL\OneDrive\Máy tính\Do An TKLL-20230311T025918Z-001\Do An TKLL\PICKITMPLAB\Bai3_Button_LCD\timer\timer.c
              stop_timer1   0x001680    program     extern C:\Users\DELL\OneDrive\Máy tính\Do An TKLL-20230311T025918Z-001\Do An TKLL\PICKITMPLAB\Bai3_Button_LCD\timer\timer.c
              stop_timer2   0x0016ac    program     extern C:\Users\DELL\OneDrive\Máy tính\Do An TKLL-20230311T025918Z-001\Do An TKLL\PICKITMPLAB\Bai3_Button_LCD\timer\timer.c
              stop_timer3   0x0016ee    program     extern C:\Users\DELL\OneDrive\Máy tính\Do An TKLL-20230311T025918Z-001\Do An TKLL\PICKITMPLAB\Bai3_Button_LCD\timer\timer.c
                     test   0x001cea    program     static                          
               timer0_isr   0x0016f2    program     extern C:\Users\DELL\OneDrive\Máy tính\Do An TKLL-20230311T025918Z-001\Do An TKLL\PICKITMPLAB\Bai3_Button_LCD\timer\timer.c
               timer1_isr   0x00170e    program     extern C:\Users\DELL\OneDrive\Máy tính\Do An TKLL-20230311T025918Z-001\Do An TKLL\PICKITMPLAB\Bai3_Button_LCD\timer\timer.c
               timer2_isr   0x00172a    program     extern C:\Users\DELL\OneDrive\Máy tính\Do An TKLL-20230311T025918Z-001\Do An TKLL\PICKITMPLAB\Bai3_Button_LCD\timer\timer.c
               timer3_isr   0x001746    program     extern C:\Users\DELL\OneDrive\Máy tính\Do An TKLL-20230311T025918Z-001\Do An TKLL\PICKITMPLAB\Bai3_Button_LCD\timer\timer.c
                 v_timer0   0x000eb8    program     extern C:\Users\DELL\OneDrive\Máy tính\Do An TKLL-20230311T025918Z-001\Do An TKLL\PICKITMPLAB\Bai3_Button_LCD\lcd\lcd.c
               zero_block   0x001e9a    program     static E:\3.46\pic18-lt\cxx-framework\src\traditional\proc\p18f4620.asm
                   ADCON0   0x000fc2       data     extern E:\3.46\pic18-lt\cxx-framework\src\traditional\proc\p18f4620.asm
               ADCON0bits   0x000fc2       data     extern E:\3.46\pic18-lt\cxx-framework\src\traditional\proc\p18f4620.asm
                   ADCON1   0x000fc1       data     extern E:\3.46\pic18-lt\cxx-framework\src\traditional\proc\p18f4620.asm
               ADCON1bits   0x000fc1       data     extern E:\3.46\pic18-lt\cxx-framework\src\traditional\proc\p18f4620.asm
                   ADCON2   0x000fc0       data     extern E:\3.46\pic18-lt\cxx-framework\src\traditional\proc\p18f4620.asm
               ADCON2bits   0x000fc0       data     extern E:\3.46\pic18-lt\cxx-framework\src\traditional\proc\p18f4620.asm
                    ADRES   0x000fc3       data     extern E:\3.46\pic18-lt\cxx-framework\src\traditional\proc\p18f4620.asm
                   ADRESH   0x000fc4       data     extern E:\3.46\pic18-lt\cxx-framework\src\traditional\proc\p18f4620.asm
                   ADRESL   0x000fc3       data     extern E:\3.46\pic18-lt\cxx-framework\src\traditional\proc\p18f4620.asm
                  BAUDCON   0x000fb8       data     extern E:\3.46\pic18-lt\cxx-framework\src\traditional\proc\p18f4620.asm
              BAUDCONbits   0x000fb8       data     extern E:\3.46\pic18-lt\cxx-framework\src\traditional\proc\p18f4620.asm
                  BAUDCTL   0x000fb8       data     extern E:\3.46\pic18-lt\cxx-framework\src\traditional\proc\p18f4620.asm
              BAUDCTLbits   0x000fb8       data     extern E:\3.46\pic18-lt\cxx-framework\src\traditional\proc\p18f4620.asm
                      BSR   0x000fe0       data     extern E:\3.46\pic18-lt\cxx-framework\src\traditional\proc\p18f4620.asm
                  CCP1CON   0x000fbd       data     extern E:\3.46\pic18-lt\cxx-framework\src\traditional\proc\p18f4620.asm
              CCP1CONbits   0x000fbd       data     extern E:\3.46\pic18-lt\cxx-framework\src\traditional\proc\p18f4620.asm
                  CCP2CON   0x000fba       data     extern E:\3.46\pic18-lt\cxx-framework\src\traditional\proc\p18f4620.asm
              CCP2CONbits   0x000fba       data     extern E:\3.46\pic18-lt\cxx-framework\src\traditional\proc\p18f4620.asm
                    CCPR1   0x000fbe       data     extern E:\3.46\pic18-lt\cxx-framework\src\traditional\proc\p18f4620.asm
                   CCPR1H   0x000fbf       data     extern E:\3.46\pic18-lt\cxx-framework\src\traditional\proc\p18f4620.asm
                   CCPR1L   0x000fbe       data     extern E:\3.46\pic18-lt\cxx-framework\src\traditional\proc\p18f4620.asm
                    CCPR2   0x000fbb       data     extern E:\3.46\pic18-lt\cxx-framework\src\traditional\proc\p18f4620.asm
                   CCPR2H   0x000fbc       data     extern E:\3.46\pic18-lt\cxx-framework\src\traditional\proc\p18f4620.asm
                   CCPR2L   0x000fbb       data     extern E:\3.46\pic18-lt\cxx-framework\src\traditional\proc\p18f4620.asm
                    CMCON   0x000fb4       data     extern E:\3.46\pic18-lt\cxx-framework\src\traditional\proc\p18f4620.asm
                CMCONbits   0x000fb4       data     extern E:\3.46\pic18-lt\cxx-framework\src\traditional\proc\p18f4620.asm
                   CVRCON   0x000fb5       data     extern E:\3.46\pic18-lt\cxx-framework\src\traditional\proc\p18f4620.asm
               CVRCONbits   0x000fb5       data     extern E:\3.46\pic18-lt\cxx-framework\src\traditional\proc\p18f4620.asm
                     DDRA   0x000f92       data     extern E:\3.46\pic18-lt\cxx-framework\src\traditional\proc\p18f4620.asm
                 DDRAbits   0x000f92       data     extern E:\3.46\pic18-lt\cxx-framework\src\traditional\proc\p18f4620.asm
                     DDRB   0x000f93       data     extern E:\3.46\pic18-lt\cxx-framework\src\traditional\proc\p18f4620.asm
                 DDRBbits   0x000f93       data     extern E:\3.46\pic18-lt\cxx-framework\src\traditional\proc\p18f4620.asm
                     DDRC   0x000f94       data     extern E:\3.46\pic18-lt\cxx-framework\src\traditional\proc\p18f4620.asm
                 DDRCbits   0x000f94       data     extern E:\3.46\pic18-lt\cxx-framework\src\traditional\proc\p18f4620.asm
                     DDRD   0x000f95       data     extern E:\3.46\pic18-lt\cxx-framework\src\traditional\proc\p18f4620.asm
                 DDRDbits   0x000f95       data     extern E:\3.46\pic18-lt\cxx-framework\src\traditional\proc\p18f4620.asm
                     DDRE   0x000f96       data     extern E:\3.46\pic18-lt\cxx-framework\src\traditional\proc\p18f4620.asm
                 DDREbits   0x000f96       data     extern E:\3.46\pic18-lt\cxx-framework\src\traditional\proc\p18f4620.asm
                  ECCP1AS   0x000fb6       data     extern E:\3.46\pic18-lt\cxx-framework\src\traditional\proc\p18f4620.asm
              ECCP1ASbits   0x000fb6       data     extern E:\3.46\pic18-lt\cxx-framework\src\traditional\proc\p18f4620.asm
                    EEADR   0x000fa9       data     extern E:\3.46\pic18-lt\cxx-framework\src\traditional\proc\p18f4620.asm
                   EEADRH   0x000faa       data     extern E:\3.46\pic18-lt\cxx-framework\src\traditional\proc\p18f4620.asm
                   EECON1   0x000fa6       data     extern E:\3.46\pic18-lt\cxx-framework\src\traditional\proc\p18f4620.asm
               EECON1bits   0x000fa6       data     extern E:\3.46\pic18-lt\cxx-framework\src\traditional\proc\p18f4620.asm
                   EECON2   0x000fa7       data     extern E:\3.46\pic18-lt\cxx-framework\src\traditional\proc\p18f4620.asm
                   EEDATA   0x000fa8       data     extern E:\3.46\pic18-lt\cxx-framework\src\traditional\proc\p18f4620.asm
                     FSR0   0x000fe9       data     extern E:\3.46\pic18-lt\cxx-framework\src\traditional\proc\p18f4620.asm
                    FSR0H   0x000fea       data     extern E:\3.46\pic18-lt\cxx-framework\src\traditional\proc\p18f4620.asm
                    FSR0L   0x000fe9       data     extern E:\3.46\pic18-lt\cxx-framework\src\traditional\proc\p18f4620.asm
                     FSR1   0x000fe1       data     extern E:\3.46\pic18-lt\cxx-framework\src\traditional\proc\p18f4620.asm
                    FSR1H   0x000fe2       data     extern E:\3.46\pic18-lt\cxx-framework\src\traditional\proc\p18f4620.asm
                    FSR1L   0x000fe1       data     extern E:\3.46\pic18-lt\cxx-framework\src\traditional\proc\p18f4620.asm
                     FSR2   0x000fd9       data     extern E:\3.46\pic18-lt\cxx-framework\src\traditional\proc\p18f4620.asm
                    FSR2H   0x000fda       data     extern E:\3.46\pic18-lt\cxx-framework\src\traditional\proc\p18f4620.asm
                    FSR2L   0x000fd9       data     extern E:\3.46\pic18-lt\cxx-framework\src\traditional\proc\p18f4620.asm
                  HLVDCON   0x000fd2       data     extern E:\3.46\pic18-lt\cxx-framework\src\traditional\proc\p18f4620.asm
              HLVDCONbits   0x000fd2       data     extern E:\3.46\pic18-lt\cxx-framework\src\traditional\proc\p18f4620.asm
                    INDF0   0x000fef       data     extern E:\3.46\pic18-lt\cxx-framework\src\traditional\proc\p18f4620.asm
                    INDF1   0x000fe7       data     extern E:\3.46\pic18-lt\cxx-framework\src\traditional\proc\p18f4620.asm
                    INDF2   0x000fdf       data     extern E:\3.46\pic18-lt\cxx-framework\src\traditional\proc\p18f4620.asm
                   INTCON   0x000ff2       data     extern E:\3.46\pic18-lt\cxx-framework\src\traditional\proc\p18f4620.asm
                  INTCON2   0x000ff1       data     extern E:\3.46\pic18-lt\cxx-framework\src\traditional\proc\p18f4620.asm
              INTCON2bits   0x000ff1       data     extern E:\3.46\pic18-lt\cxx-framework\src\traditional\proc\p18f4620.asm
                  INTCON3   0x000ff0       data     extern E:\3.46\pic18-lt\cxx-framework\src\traditional\proc\p18f4620.asm
              INTCON3bits   0x000ff0       data     extern E:\3.46\pic18-lt\cxx-framework\src\traditional\proc\p18f4620.asm
               INTCONbits   0x000ff2       data     extern E:\3.46\pic18-lt\cxx-framework\src\traditional\proc\p18f4620.asm
                     IPR1   0x000f9f       data     extern E:\3.46\pic18-lt\cxx-framework\src\traditional\proc\p18f4620.asm
                 IPR1bits   0x000f9f       data     extern E:\3.46\pic18-lt\cxx-framework\src\traditional\proc\p18f4620.asm
                     IPR2   0x000fa2       data     extern E:\3.46\pic18-lt\cxx-framework\src\traditional\proc\p18f4620.asm
                 IPR2bits   0x000fa2       data     extern E:\3.46\pic18-lt\cxx-framework\src\traditional\proc\p18f4620.asm
                     LATA   0x000f89       data     extern E:\3.46\pic18-lt\cxx-framework\src\traditional\proc\p18f4620.asm
                 LATAbits   0x000f89       data     extern E:\3.46\pic18-lt\cxx-framework\src\traditional\proc\p18f4620.asm
                     LATB   0x000f8a       data     extern E:\3.46\pic18-lt\cxx-framework\src\traditional\proc\p18f4620.asm
                 LATBbits   0x000f8a       data     extern E:\3.46\pic18-lt\cxx-framework\src\traditional\proc\p18f4620.asm
                     LATC   0x000f8b       data     extern E:\3.46\pic18-lt\cxx-framework\src\traditional\proc\p18f4620.asm
                 LATCbits   0x000f8b       data     extern E:\3.46\pic18-lt\cxx-framework\src\traditional\proc\p18f4620.asm
                     LATD   0x000f8c       data     extern E:\3.46\pic18-lt\cxx-framework\src\traditional\proc\p18f4620.asm
                 LATDbits   0x000f8c       data     extern E:\3.46\pic18-lt\cxx-framework\src\traditional\proc\p18f4620.asm
                     LATE   0x000f8d       data     extern E:\3.46\pic18-lt\cxx-framework\src\traditional\proc\p18f4620.asm
                 LATEbits   0x000f8d       data     extern E:\3.46\pic18-lt\cxx-framework\src\traditional\proc\p18f4620.asm
                   LVDCON   0x000fd2       data     extern E:\3.46\pic18-lt\cxx-framework\src\traditional\proc\p18f4620.asm
               LVDCONbits   0x000fd2       data     extern E:\3.46\pic18-lt\cxx-framework\src\traditional\proc\p18f4620.asm
                LcdScreen   0x0000db       data     extern C:\Users\DELL\OneDrive\Máy tính\Do An TKLL-20230311T025918Z-001\Do An TKLL\PICKITMPLAB\Bai3_Button_LCD\lcd\lcd.c
                   OSCCON   0x000fd3       data     extern E:\3.46\pic18-lt\cxx-framework\src\traditional\proc\p18f4620.asm
               OSCCONbits   0x000fd3       data     extern E:\3.46\pic18-lt\cxx-framework\src\traditional\proc\p18f4620.asm
                  OSCTUNE   0x000f9b       data     extern E:\3.46\pic18-lt\cxx-framework\src\traditional\proc\p18f4620.asm
              OSCTUNEbits   0x000f9b       data     extern E:\3.46\pic18-lt\cxx-framework\src\traditional\proc\p18f4620.asm
                       PC   0x000ff9       data     extern E:\3.46\pic18-lt\cxx-framework\src\traditional\proc\p18f4620.asm
                      PCL   0x000ff9       data     extern E:\3.46\pic18-lt\cxx-framework\src\traditional\proc\p18f4620.asm
                   PCLATH   0x000ffa       data     extern E:\3.46\pic18-lt\cxx-framework\src\traditional\proc\p18f4620.asm
                   PCLATU   0x000ffb       data     extern E:\3.46\pic18-lt\cxx-framework\src\traditional\proc\p18f4620.asm
                     PIE1   0x000f9d       data     extern E:\3.46\pic18-lt\cxx-framework\src\traditional\proc\p18f4620.asm
                 PIE1bits   0x000f9d       data     extern E:\3.46\pic18-lt\cxx-framework\src\traditional\proc\p18f4620.asm
                     PIE2   0x000fa0       data     extern E:\3.46\pic18-lt\cxx-framework\src\traditional\proc\p18f4620.asm
                 PIE2bits   0x000fa0       data     extern E:\3.46\pic18-lt\cxx-framework\src\traditional\proc\p18f4620.asm
                     PIR1   0x000f9e       data     extern E:\3.46\pic18-lt\cxx-framework\src\traditional\proc\p18f4620.asm
                 PIR1bits   0x000f9e       data     extern E:\3.46\pic18-lt\cxx-framework\src\traditional\proc\p18f4620.asm
                     PIR2   0x000fa1       data     extern E:\3.46\pic18-lt\cxx-framework\src\traditional\proc\p18f4620.asm
                 PIR2bits   0x000fa1       data     extern E:\3.46\pic18-lt\cxx-framework\src\traditional\proc\p18f4620.asm
                   PLUSW0   0x000feb       data     extern E:\3.46\pic18-lt\cxx-framework\src\traditional\proc\p18f4620.asm
                   PLUSW1   0x000fe3       data     extern E:\3.46\pic18-lt\cxx-framework\src\traditional\proc\p18f4620.asm
                   PLUSW2   0x000fdb       data     extern E:\3.46\pic18-lt\cxx-framework\src\traditional\proc\p18f4620.asm
                    PORTA   0x000f80       data     extern E:\3.46\pic18-lt\cxx-framework\src\traditional\proc\p18f4620.asm
                PORTAbits   0x000f80       data     extern E:\3.46\pic18-lt\cxx-framework\src\traditional\proc\p18f4620.asm
                    PORTB   0x000f81       data     extern E:\3.46\pic18-lt\cxx-framework\src\traditional\proc\p18f4620.asm
                PORTBbits   0x000f81       data     extern E:\3.46\pic18-lt\cxx-framework\src\traditional\proc\p18f4620.asm
                    PORTC   0x000f82       data     extern E:\3.46\pic18-lt\cxx-framework\src\traditional\proc\p18f4620.asm
                PORTCbits   0x000f82       data     extern E:\3.46\pic18-lt\cxx-framework\src\traditional\proc\p18f4620.asm
                    PORTD   0x000f83       data     extern E:\3.46\pic18-lt\cxx-framework\src\traditional\proc\p18f4620.asm
                PORTDbits   0x000f83       data     extern E:\3.46\pic18-lt\cxx-framework\src\traditional\proc\p18f4620.asm
                    PORTE   0x000f84       data     extern E:\3.46\pic18-lt\cxx-framework\src\traditional\proc\p18f4620.asm
                PORTEbits   0x000f84       data     extern E:\3.46\pic18-lt\cxx-framework\src\traditional\proc\p18f4620.asm
                 POSTDEC0   0x000fed       data     extern E:\3.46\pic18-lt\cxx-framework\src\traditional\proc\p18f4620.asm
                 POSTDEC1   0x000fe5       data     extern E:\3.46\pic18-lt\cxx-framework\src\traditional\proc\p18f4620.asm
                 POSTDEC2   0x000fdd       data     extern E:\3.46\pic18-lt\cxx-framework\src\traditional\proc\p18f4620.asm
                 POSTINC0   0x000fee       data     extern E:\3.46\pic18-lt\cxx-framework\src\traditional\proc\p18f4620.asm
                 POSTINC1   0x000fe6       data     extern E:\3.46\pic18-lt\cxx-framework\src\traditional\proc\p18f4620.asm
                 POSTINC2   0x000fde       data     extern E:\3.46\pic18-lt\cxx-framework\src\traditional\proc\p18f4620.asm
                      PR2   0x000fcb       data     extern E:\3.46\pic18-lt\cxx-framework\src\traditional\proc\p18f4620.asm
                  PREINC0   0x000fec       data     extern E:\3.46\pic18-lt\cxx-framework\src\traditional\proc\p18f4620.asm
                  PREINC1   0x000fe4       data     extern E:\3.46\pic18-lt\cxx-framework\src\traditional\proc\p18f4620.asm
                  PREINC2   0x000fdc       data     extern E:\3.46\pic18-lt\cxx-framework\src\traditional\proc\p18f4620.asm
                    PRINT   0x0000d9       data     extern C:\Users\DELL\OneDrive\Máy tính\Do An TKLL-20230311T025918Z-001\Do An TKLL\PICKITMPLAB\Bai3_Button_LCD\main.c
                     PROD   0x000ff3       data     extern E:\3.46\pic18-lt\cxx-framework\src\traditional\proc\p18f4620.asm
                    PRODH   0x000ff4       data     extern E:\3.46\pic18-lt\cxx-framework\src\traditional\proc\p18f4620.asm
                    PRODL   0x000ff3       data     extern E:\3.46\pic18-lt\cxx-framework\src\traditional\proc\p18f4620.asm
                  PWM1CON   0x000fb7       data     extern E:\3.46\pic18-lt\cxx-framework\src\traditional\proc\p18f4620.asm
              PWM1CONbits   0x000fb7       data     extern E:\3.46\pic18-lt\cxx-framework\src\traditional\proc\p18f4620.asm
                     RCON   0x000fd0       data     extern E:\3.46\pic18-lt\cxx-framework\src\traditional\proc\p18f4620.asm
                 RCONbits   0x000fd0       data     extern E:\3.46\pic18-lt\cxx-framework\src\traditional\proc\p18f4620.asm
                    RCREG   0x000fae       data     extern E:\3.46\pic18-lt\cxx-framework\src\traditional\proc\p18f4620.asm
                    RCSTA   0x000fab       data     extern E:\3.46\pic18-lt\cxx-framework\src\traditional\proc\p18f4620.asm
                RCSTAbits   0x000fab       data     extern E:\3.46\pic18-lt\cxx-framework\src\traditional\proc\p18f4620.asm
                     SIGN   0x000000       data     extern E:\3.46\pic18-lt\cxx-framework\src\traditional\math\cmath18.asm
                    SPBRG   0x000faf       data     extern E:\3.46\pic18-lt\cxx-framework\src\traditional\proc\p18f4620.asm
                   SPBRGH   0x000fb0       data     extern E:\3.46\pic18-lt\cxx-framework\src\traditional\proc\p18f4620.asm
                   SSPADD   0x000fc8       data     extern E:\3.46\pic18-lt\cxx-framework\src\traditional\proc\p18f4620.asm
                   SSPBUF   0x000fc9       data     extern E:\3.46\pic18-lt\cxx-framework\src\traditional\proc\p18f4620.asm
                  SSPCON1   0x000fc6       data     extern E:\3.46\pic18-lt\cxx-framework\src\traditional\proc\p18f4620.asm
              SSPCON1bits   0x000fc6       data     extern E:\3.46\pic18-lt\cxx-framework\src\traditional\proc\p18f4620.asm
                  SSPCON2   0x000fc5       data     extern E:\3.46\pic18-lt\cxx-framework\src\traditional\proc\p18f4620.asm
              SSPCON2bits   0x000fc5       data     extern E:\3.46\pic18-lt\cxx-framework\src\traditional\proc\p18f4620.asm
                  SSPSTAT   0x000fc7       data     extern E:\3.46\pic18-lt\cxx-framework\src\traditional\proc\p18f4620.asm
              SSPSTATbits   0x000fc7       data     extern E:\3.46\pic18-lt\cxx-framework\src\traditional\proc\p18f4620.asm
                   STATUS   0x000fd8       data     extern E:\3.46\pic18-lt\cxx-framework\src\traditional\proc\p18f4620.asm
               STATUSbits   0x000fd8       data     extern E:\3.46\pic18-lt\cxx-framework\src\traditional\proc\p18f4620.asm
                   STKPTR   0x000ffc       data     extern E:\3.46\pic18-lt\cxx-framework\src\traditional\proc\p18f4620.asm
               STKPTRbits   0x000ffc       data     extern E:\3.46\pic18-lt\cxx-framework\src\traditional\proc\p18f4620.asm
                    T0CON   0x000fd5       data     extern E:\3.46\pic18-lt\cxx-framework\src\traditional\proc\p18f4620.asm
                T0CONbits   0x000fd5       data     extern E:\3.46\pic18-lt\cxx-framework\src\traditional\proc\p18f4620.asm
                    T1CON   0x000fcd       data     extern E:\3.46\pic18-lt\cxx-framework\src\traditional\proc\p18f4620.asm
                T1CONbits   0x000fcd       data     extern E:\3.46\pic18-lt\cxx-framework\src\traditional\proc\p18f4620.asm
                    T2CON   0x000fca       data     extern E:\3.46\pic18-lt\cxx-framework\src\traditional\proc\p18f4620.asm
                T2CONbits   0x000fca       data     extern E:\3.46\pic18-lt\cxx-framework\src\traditional\proc\p18f4620.asm
                    T3CON   0x000fb1       data     extern E:\3.46\pic18-lt\cxx-framework\src\traditional\proc\p18f4620.asm
                T3CONbits   0x000fb1       data     extern E:\3.46\pic18-lt\cxx-framework\src\traditional\proc\p18f4620.asm
                   TABLAT   0x000ff5       data     extern E:\3.46\pic18-lt\cxx-framework\src\traditional\proc\p18f4620.asm
                   TBLPTR   0x000ff6       data     extern E:\3.46\pic18-lt\cxx-framework\src\traditional\proc\p18f4620.asm
                  TBLPTRH   0x000ff7       data     extern E:\3.46\pic18-lt\cxx-framework\src\traditional\proc\p18f4620.asm
                  TBLPTRL   0x000ff6       data     extern E:\3.46\pic18-lt\cxx-framework\src\traditional\proc\p18f4620.asm
                  TBLPTRU   0x000ff8       data     extern E:\3.46\pic18-lt\cxx-framework\src\traditional\proc\p18f4620.asm
                    TMR0H   0x000fd7       data     extern E:\3.46\pic18-lt\cxx-framework\src\traditional\proc\p18f4620.asm
                    TMR0L   0x000fd6       data     extern E:\3.46\pic18-lt\cxx-framework\src\traditional\proc\p18f4620.asm
                    TMR1H   0x000fcf       data     extern E:\3.46\pic18-lt\cxx-framework\src\traditional\proc\p18f4620.asm
                    TMR1L   0x000fce       data     extern E:\3.46\pic18-lt\cxx-framework\src\traditional\proc\p18f4620.asm
                     TMR2   0x000fcc       data     extern E:\3.46\pic18-lt\cxx-framework\src\traditional\proc\p18f4620.asm
                    TMR3H   0x000fb3       data     extern E:\3.46\pic18-lt\cxx-framework\src\traditional\proc\p18f4620.asm
                    TMR3L   0x000fb2       data     extern E:\3.46\pic18-lt\cxx-framework\src\traditional\proc\p18f4620.asm
                      TOS   0x000ffd       data     extern E:\3.46\pic18-lt\cxx-framework\src\traditional\proc\p18f4620.asm
                     TOSH   0x000ffe       data     extern E:\3.46\pic18-lt\cxx-framework\src\traditional\proc\p18f4620.asm
                     TOSL   0x000ffd       data     extern E:\3.46\pic18-lt\cxx-framework\src\traditional\proc\p18f4620.asm
                     TOSU   0x000fff       data     extern E:\3.46\pic18-lt\cxx-framework\src\traditional\proc\p18f4620.asm
                    TRISA   0x000f92       data     extern E:\3.46\pic18-lt\cxx-framework\src\traditional\proc\p18f4620.asm
                TRISAbits   0x000f92       data     extern E:\3.46\pic18-lt\cxx-framework\src\traditional\proc\p18f4620.asm
                    TRISB   0x000f93       data     extern E:\3.46\pic18-lt\cxx-framework\src\traditional\proc\p18f4620.asm
                TRISBbits   0x000f93       data     extern E:\3.46\pic18-lt\cxx-framework\src\traditional\proc\p18f4620.asm
                    TRISC   0x000f94       data     extern E:\3.46\pic18-lt\cxx-framework\src\traditional\proc\p18f4620.asm
                TRISCbits   0x000f94       data     extern E:\3.46\pic18-lt\cxx-framework\src\traditional\proc\p18f4620.asm
                    TRISD   0x000f95       data     extern E:\3.46\pic18-lt\cxx-framework\src\traditional\proc\p18f4620.asm
                TRISDbits   0x000f95       data     extern E:\3.46\pic18-lt\cxx-framework\src\traditional\proc\p18f4620.asm
                    TRISE   0x000f96       data     extern E:\3.46\pic18-lt\cxx-framework\src\traditional\proc\p18f4620.asm
                TRISEbits   0x000f96       data     extern E:\3.46\pic18-lt\cxx-framework\src\traditional\proc\p18f4620.asm
                    TXREG   0x000fad       data     extern E:\3.46\pic18-lt\cxx-framework\src\traditional\proc\p18f4620.asm
                    TXSTA   0x000fac       data     extern E:\3.46\pic18-lt\cxx-framework\src\traditional\proc\p18f4620.asm
                TXSTAbits   0x000fac       data     extern E:\3.46\pic18-lt\cxx-framework\src\traditional\proc\p18f4620.asm
                        W   0x000fe8       data     extern E:\3.46\pic18-lt\cxx-framework\src\traditional\proc\p18f4620.asm
                   WDTCON   0x000fd1       data     extern E:\3.46\pic18-lt\cxx-framework\src\traditional\proc\p18f4620.asm
               WDTCONbits   0x000fd1       data     extern E:\3.46\pic18-lt\cxx-framework\src\traditional\proc\p18f4620.asm
                     WREG   0x000fe8       data     extern E:\3.46\pic18-lt\cxx-framework\src\traditional\proc\p18f4620.asm
                 __AARGB0   0x000009       data     extern E:\3.46\pic18-lt\cxx-framework\src\traditional\math\aarg.asm
                 __AARGB1   0x000008       data     extern E:\3.46\pic18-lt\cxx-framework\src\traditional\math\aarg.asm
                 __AARGB2   0x000007       data     extern E:\3.46\pic18-lt\cxx-framework\src\traditional\math\aarg.asm
                 __AARGB3   0x000006       data     extern E:\3.46\pic18-lt\cxx-framework\src\traditional\math\aarg.asm
                 __AARGB4   0x000005       data     extern E:\3.46\pic18-lt\cxx-framework\src\traditional\math\aarg.asm
                 __AARGB5   0x000004       data     extern E:\3.46\pic18-lt\cxx-framework\src\traditional\math\aarg.asm
                 __AARGB6   0x000003       data     extern E:\3.46\pic18-lt\cxx-framework\src\traditional\math\aarg.asm
                 __AARGB7   0x000002       data     extern E:\3.46\pic18-lt\cxx-framework\src\traditional\math\aarg.asm
                   __AEXP   0x00000a       data     extern E:\3.46\pic18-lt\cxx-framework\src\traditional\math\aarg.asm
                 __BARGB0   0x00000e       data     extern E:\3.46\pic18-lt\cxx-framework\src\traditional\math\barg.asm
                 __BARGB1   0x00000d       data     extern E:\3.46\pic18-lt\cxx-framework\src\traditional\math\barg.asm
                 __BARGB2   0x00000c       data     extern E:\3.46\pic18-lt\cxx-framework\src\traditional\math\barg.asm
                 __BARGB3   0x00000b       data     extern E:\3.46\pic18-lt\cxx-framework\src\traditional\math\barg.asm
                   __BEXP   0x00000f       data     extern E:\3.46\pic18-lt\cxx-framework\src\traditional\math\barg.asm
                __FPFLAGS   0x000001       data     extern E:\3.46\pic18-lt\cxx-framework\src\traditional\math\cmath18.asm
            __FPFLAGSbits   0x000001       data     extern E:\3.46\pic18-lt\cxx-framework\src\traditional\math\cmath18.asm
                  __REMB0   0x000005       data     extern E:\3.46\pic18-lt\cxx-framework\src\traditional\math\aarg.asm
                  __REMB1   0x000004       data     extern E:\3.46\pic18-lt\cxx-framework\src\traditional\math\aarg.asm
                  __REMB2   0x000003       data     extern E:\3.46\pic18-lt\cxx-framework\src\traditional\math\aarg.asm
                  __REMB3   0x000002       data     extern E:\3.46\pic18-lt\cxx-framework\src\traditional\math\aarg.asm
                  __tmp_0   0x000010       data     static C:\Users\DELL\OneDrive\Máy tính\Do An TKLL-20230311T025918Z-001\Do An TKLL\PICKITMPLAB\Bai3_Button_LCD\main.c
                  __tmp_0   0x000010       data     static C:\Users\DELL\OneDrive\Máy tính\Do An TKLL-20230311T025918Z-001\Do An TKLL\PICKITMPLAB\Bai3_Button_LCD\button_matrix\button.c
                  __tmp_0   0x000010       data     static C:\Users\DELL\OneDrive\Máy tính\Do An TKLL-20230311T025918Z-001\Do An TKLL\PICKITMPLAB\Bai3_Button_LCD\lcd\lcd.c
[...]
                    TRISB   0x000f93       data     extern E:\3.46\pic18-lt\cxx-framework\src\traditional\proc\p18f4620.asm
                     DDRB   0x000f93       data     extern E:\3.46\pic18-lt\cxx-framework\src\traditional\proc\p18f4620.asm
                 DDRBbits   0x000f93       data     extern E:\3.46\pic18-lt\cxx-framework\src\traditional\proc\p18f4620.asm
                 DDRCbits   0x000f94       data     extern E:\3.46\pic18-lt\cxx-framework\src\traditional\proc\p18f4620.asm
                TRISCbits   0x000f94       data     extern E:\3.46\pic18-lt\cxx-framework\src\traditional\proc\p18f4620.asm
                    TRISC   0x000f94       data     extern E:\3.46\pic18-lt\cxx-framework\src\traditional\proc\p18f4620.asm
                     DDRC   0x000f94       data     extern E:\3.46\pic18-lt\cxx-framework\src\traditional\proc\p18f4620.asm
                 DDRDbits   0x000f95       data     extern E:\3.46\pic18-lt\cxx-framework\src\traditional\proc\p18f4620.asm
                     DDRD   0x000f95       data     extern E:\3.46\pic18-lt\cxx-framework\src\traditional\proc\p18f4620.asm
                TRISDbits   0x000f95       data     extern E:\3.46\pic18-lt\cxx-framework\src\traditional\proc\p18f4620.asm
                    TRISD   0x000f95       data     extern E:\3.46\pic18-lt\cxx-framework\src\traditional\proc\p18f4620.asm
                     DDRE   0x000f96       data     extern E:\3.46\pic18-lt\cxx-framework\src\traditional\proc\p18f4620.asm
                 DDREbits   0x000f96       data     extern E:\3.46\pic18-lt\cxx-framework\src\traditional\proc\p18f4620.asm
                TRISEbits   0x000f96       data     extern E:\3.46\pic18-lt\cxx-framework\src\traditional\proc\p18f4620.asm
                    TRISE   0x000f96       data     extern E:\3.46\pic18-lt\cxx-framework\src\traditional\proc\p18f4620.asm
                  OSCTUNE   0x000f9b       data     extern E:\3.46\pic18-lt\cxx-framework\src\traditional\proc\p18f4620.asm
              OSCTUNEbits   0x000f9b       data     extern E:\3.46\pic18-lt\cxx-framework\src\traditional\proc\p18f4620.asm
                     PIE1   0x000f9d       data     extern E:\3.46\pic18-lt\cxx-framework\src\traditional\proc\p18f4620.asm
                 PIE1bits   0x000f9d       data     extern E:\3.46\pic18-lt\cxx-framework\src\traditional\proc\p18f4620.asm
                     PIR1   0x000f9e       data     extern E:\3.46\pic18-lt\cxx-framework\src\traditional\proc\p18f4620.asm
                 PIR1bits   0x000f9e       data     extern E:\3.46\pic18-lt\cxx-framework\src\traditional\proc\p18f4620.asm
                     IPR1   0x000f9f       data     extern E:\3.46\pic18-lt\cxx-framework\src\traditional\proc\p18f4620.asm
                 IPR1bits   0x000f9f       data     extern E:\3.46\pic18-lt\cxx-framework\src\traditional\proc\p18f4620.asm
                     PIE2   0x000fa0       data     extern E:\3.46\pic18-lt\cxx-framework\src\traditional\proc\p18f4620.asm
                 PIE2bits   0x000fa0       data     extern E:\3.46\pic18-lt\cxx-framework\src\traditional\proc\p18f4620.asm
                     PIR2   0x000fa1       data     extern E:\3.46\pic18-lt\cxx-framework\src\traditional\proc\p18f4620.asm
                 PIR2bits   0x000fa1       data     extern E:\3.46\pic18-lt\cxx-framework\src\traditional\proc\p18f4620.asm
                 IPR2bits   0x000fa2       data     extern E:\3.46\pic18-lt\cxx-framework\src\traditional\proc\p18f4620.asm
                     IPR2   0x000fa2       data     extern E:\3.46\pic18-lt\cxx-framework\src\traditional\proc\p18f4620.asm
               EECON1bits   0x000fa6       data     extern E:\3.46\pic18-lt\cxx-framework\src\traditional\proc\p18f4620.asm
                   EECON1   0x000fa6       data     extern E:\3.46\pic18-lt\cxx-framework\src\traditional\proc\p18f4620.asm
                   EECON2   0x000fa7       data     extern E:\3.46\pic18-lt\cxx-framework\src\traditional\proc\p18f4620.asm
                   EEDATA   0x000fa8       data     extern E:\3.46\pic18-lt\cxx-framework\src\traditional\proc\p18f4620.asm
                    EEADR   0x000fa9       data     extern E:\3.46\pic18-lt\cxx-framework\src\traditional\proc\p18f4620.asm
                   EEADRH   0x000faa       data     extern E:\3.46\pic18-lt\cxx-framework\src\traditional\proc\p18f4620.asm
                    RCSTA   0x000fab       data     extern E:\3.46\pic18-lt\cxx-framework\src\traditional\proc\p18f4620.asm
                RCSTAbits   0x000fab       data     extern E:\3.46\pic18-lt\cxx-framework\src\traditional\proc\p18f4620.asm
                    TXSTA   0x000fac       data     extern E:\3.46\pic18-lt\cxx-framework\src\traditional\proc\p18f4620.asm
                TXSTAbits   0x000fac       data     extern E:\3.46\pic18-lt\cxx-framework\src\traditional\proc\p18f4620.asm
                    TXREG   0x000fad       data     extern E:\3.46\pic18-lt\cxx-framework\src\traditional\proc\p18f4620.asm
                    RCREG   0x000fae       data     extern E:\3.46\pic18-lt\cxx-framework\src\traditional\proc\p18f4620.asm
                    SPBRG   0x000faf       data     extern E:\3.46\pic18-lt\cxx-framework\src\traditional\proc\p18f4620.asm
                   SPBRGH   0x000fb0       data     extern E:\3.46\pic18-lt\cxx-framework\src\traditional\proc\p18f4620.asm
                T3CONbits   0x000fb1       data     extern E:\3.46\pic18-lt\cxx-framework\src\traditional\proc\p18f4620.asm
                    T3CON   0x000fb1       data     extern E:\3.46\pic18-lt\cxx-framework\src\traditional\proc\p18f4620.asm
                    TMR3L   0x000fb2       data     extern E:\3.46\pic18-lt\cxx-framework\src\traditional\proc\p18f4620.asm
                    TMR3H   0x000fb3       data     extern E:\3.46\pic18-lt\cxx-framework\src\traditional\proc\p18f4620.asm
                    CMCON   0x000fb4       data     extern E:\3.46\pic18-lt\cxx-framework\src\traditional\proc\p18f4620.asm
                CMCONbits   0x000fb4       data     extern E:\3.46\pic18-lt\cxx-framework\src\traditional\proc\p18f4620.asm
               CVRCONbits   0x000fb5       data     extern E:\3.46\pic18-lt\cxx-framework\src\traditional\proc\p18f4620.asm
                   CVRCON   0x000fb5       data     extern E:\3.46\pic18-lt\cxx-framework\src\traditional\proc\p18f4620.asm
              ECCP1ASbits   0x000fb6       data     extern E:\3.46\pic18-lt\cxx-framework\src\traditional\proc\p18f4620.asm
                  ECCP1AS   0x000fb6       data     extern E:\3.46\pic18-lt\cxx-framework\src\traditional\proc\p18f4620.asm
              PWM1CONbits   0x000fb7       data     extern E:\3.46\pic18-lt\cxx-framework\src\traditional\proc\p18f4620.asm
                  PWM1CON   0x000fb7       data     extern E:\3.46\pic18-lt\cxx-framework\src\traditional\proc\p18f4620.asm
              BAUDCTLbits   0x000fb8       data     extern E:\3.46\pic18-lt\cxx-framework\src\traditional\proc\p18f4620.asm
                  BAUDCTL   0x000fb8       data     extern E:\3.46\pic18-lt\cxx-framework\src\traditional\proc\p18f4620.asm
              BAUDCONbits   0x000fb8       data     extern E:\3.46\pic18-lt\cxx-framework\src\traditional\proc\p18f4620.asm
                  BAUDCON   0x000fb8       data     extern E:\3.46\pic18-lt\cxx-framework\src\traditional\proc\p18f4620.asm
                  CCP2CON   0x000fba       data     extern E:\3.46\pic18-lt\cxx-framework\src\traditional\proc\p18f4620.asm
              CCP2CONbits   0x000fba       data     extern E:\3.46\pic18-lt\cxx-framework\src\traditional\proc\p18f4620.asm
                    CCPR2   0x000fbb       data     extern E:\3.46\pic18-lt\cxx-framework\src\traditional\proc\p18f4620.asm
                   CCPR2L   0x000fbb       data     extern E:\3.46\pic18-lt\cxx-framework\src\traditional\proc\p18f4620.asm
                   CCPR2H   0x000fbc       data     extern E:\3.46\pic18-lt\cxx-framework\src\traditional\proc\p18f4620.asm
                  CCP1CON   0x000fbd       data     extern E:\3.46\pic18-lt\cxx-framework\src\traditional\proc\p18f4620.asm
              CCP1CONbits   0x000fbd       data     extern E:\3.46\pic18-lt\cxx-framework\src\traditional\proc\p18f4620.asm
                   CCPR1L   0x000fbe       data     extern E:\3.46\pic18-lt\cxx-framework\src\traditional\proc\p18f4620.asm
                    CCPR1   0x000fbe       data     extern E:\3.46\pic18-lt\cxx-framework\src\traditional\proc\p18f4620.asm
                   CCPR1H   0x000fbf       data     extern E:\3.46\pic18-lt\cxx-framework\src\traditional\proc\p18f4620.asm
               ADCON2bits   0x000fc0       data     extern E:\3.46\pic18-lt\cxx-framework\src\traditional\proc\p18f4620.asm
                   ADCON2   0x000fc0       data     extern E:\3.46\pic18-lt\cxx-framework\src\traditional\proc\p18f4620.asm
               ADCON1bits   0x000fc1       data     extern E:\3.46\pic18-lt\cxx-framework\src\traditional\proc\p18f4620.asm
                   ADCON1   0x000fc1       data     extern E:\3.46\pic18-lt\cxx-framework\src\traditional\proc\p18f4620.asm
               ADCON0bits   0x000fc2       data     extern E:\3.46\pic18-lt\cxx-framework\src\traditional\proc\p18f4620.asm
                   ADCON0   0x000fc2       data     extern E:\3.46\pic18-lt\cxx-framework\src\traditional\proc\p18f4620.asm
                   ADRESL   0x000fc3       data     extern E:\3.46\pic18-lt\cxx-framework\src\traditional\proc\p18f4620.asm
                    ADRES   0x000fc3       data     extern E:\3.46\pic18-lt\cxx-framework\src\traditional\proc\p18f4620.asm
                   ADRESH   0x000fc4       data     extern E:\3.46\pic18-lt\cxx-framework\src\traditional\proc\p18f4620.asm
                  SSPCON2   0x000fc5       data     extern E:\3.46\pic18-lt\cxx-framework\src\traditional\proc\p18f4620.asm
              SSPCON2bits   0x000fc5       data     extern E:\3.46\pic18-lt\cxx-framework\src\traditional\proc\p18f4620.asm
                  SSPCON1   0x000fc6       data     extern E:\3.46\pic18-lt\cxx-framework\src\traditional\proc\p18f4620.asm
              SSPCON1bits   0x000fc6       data     extern E:\3.46\pic18-lt\cxx-framework\src\traditional\proc\p18f4620.asm
                  SSPSTAT   0x000fc7       data     extern E:\3.46\pic18-lt\cxx-framework\src\traditional\proc\p18f4620.asm
              SSPSTATbits   0x000fc7       data     extern E:\3.46\pic18-lt\cxx-framework\src\traditional\proc\p18f4620.asm
                   SSPADD   0x000fc8       data     extern E:\3.46\pic18-lt\cxx-framework\src\traditional\proc\p18f4620.asm
                   SSPBUF   0x000fc9       data     extern E:\3.46\pic18-lt\cxx-framework\src\traditional\proc\p18f4620.asm
                T2CONbits   0x000fca       data     extern E:\3.46\pic18-lt\cxx-framework\src\traditional\proc\p18f4620.asm
                    T2CON   0x000fca       data     extern E:\3.46\pic18-lt\cxx-framework\src\traditional\proc\p18f4620.asm
                      PR2   0x000fcb       data     extern E:\3.46\pic18-lt\cxx-framework\src\traditional\proc\p18f4620.asm
                     TMR2   0x000fcc       data     extern E:\3.46\pic18-lt\cxx-framework\src\traditional\proc\p18f4620.asm
                    T1CON   0x000fcd       data     extern E:\3.46\pic18-lt\cxx-framework\src\traditional\proc\p18f4620.asm
                T1CONbits   0x000fcd       data     extern E:\3.46\pic18-lt\cxx-framework\src\traditional\proc\p18f4620.asm
                    TMR1L   0x000fce       data     extern E:\3.46\pic18-lt\cxx-framework\src\traditional\proc\p18f4620.asm
                    TMR1H   0x000fcf       data     extern E:\3.46\pic18-lt\cxx-framework\src\traditional\proc\p18f4620.asm
                     RCON   0x000fd0       data     extern E:\3.46\pic18-lt\cxx-framework\src\traditional\proc\p18f4620.asm
                 RCONbits   0x000fd0       data     extern E:\3.46\pic18-lt\cxx-framework\src\traditional\proc\p18f4620.asm
               WDTCONbits   0x000fd1       data     extern E:\3.46\pic18-lt\cxx-framework\src\traditional\proc\p18f4620.asm
                   WDTCON   0x000fd1       data     extern E:\3.46\pic18-lt\cxx-framework\src\traditional\proc\p18f4620.asm
              HLVDCONbits   0x000fd2       data     extern E:\3.46\pic18-lt\cxx-framework\src\traditional\proc\p18f4620.asm
                   LVDCON   0x000fd2       data     extern E:\3.46\pic18-lt\cxx-framework\src\traditional\proc\p18f4620.asm
               LVDCONbits   0x000fd2       data     extern E:\3.46\pic18-lt\cxx-framework\src\traditional\proc\p18f4620.asm
                  HLVDCON   0x000fd2       data     extern E:\3.46\pic18-lt\cxx-framework\src\traditional\proc\p18f4620.asm
               OSCCONbits   0x000fd3       data     extern E:\3.46\pic18-lt\cxx-framework\src\traditional\proc\p18f4620.asm
                   OSCCON   0x000fd3       data     extern E:\3.46\pic18-lt\cxx-framework\src\traditional\proc\p18f4620.asm
                T0CONbits   0x000fd5       data     extern E:\3.46\pic18-lt\cxx-framework\src\traditional\proc\p18f4620.asm
                    T0CON   0x000fd5       data     extern E:\3.46\pic18-lt\cxx-framework\src\traditional\proc\p18f4620.asm
                    TMR0L   0x000fd6       data     extern E:\3.46\pic18-lt\cxx-framework\src\traditional\proc\p18f4620.asm
                    TMR0H   0x000fd7       data     extern E:\3.46\pic18-lt\cxx-framework\src\traditional\proc\p18f4620.asm
               STATUSbits   0x000fd8       data     extern E:\3.46\pic18-lt\cxx-framework\src\traditional\proc\p18f4620.asm
                   STATUS   0x000fd8       data     extern E:\3.46\pic18-lt\cxx-framework\src\traditional\proc\p18f4620.asm
                     FSR2   0x000fd9       data     extern E:\3.46\pic18-lt\cxx-framework\src\traditional\proc\p18f4620.asm
                    FSR2L   0x000fd9       data     extern E:\3.46\pic18-lt\cxx-framework\src\traditional\proc\p18f4620.asm
                    FSR2H   0x000fda       data     extern E:\3.46\pic18-lt\cxx-framework\src\traditional\proc\p18f4620.asm
                   PLUSW2   0x000fdb       data     extern E:\3.46\pic18-lt\cxx-framework\src\traditional\proc\p18f4620.asm
                  PREINC2   0x000fdc       data     extern E:\3.46\pic18-lt\cxx-framework\src\traditional\proc\p18f4620.asm
                 POSTDEC2   0x000fdd       data     extern E:\3.46\pic18-lt\cxx-framework\src\traditional\proc\p18f4620.asm
                 POSTINC2   0x000fde       data     extern E:\3.46\pic18-lt\cxx-framework\src\traditional\proc\p18f4620.asm
                    INDF2   0x000fdf       data     extern E:\3.46\pic18-lt\cxx-framework\src\traditional\proc\p18f4620.asm
                      BSR   0x000fe0       data     extern E:\3.46\pic18-lt\cxx-framework\src\traditional\proc\p18f4620.asm
                     FSR1   0x000fe1       data     extern E:\3.46\pic18-lt\cxx-framework\src\traditional\proc\p18f4620.asm
                    FSR1L   0x000fe1       data     extern E:\3.46\pic18-lt\cxx-framework\src\traditional\proc\p18f4620.asm
                    FSR1H   0x000fe2       data     extern E:\3.46\pic18-lt\cxx-framework\src\traditional\proc\p18f4620.asm
                   PLUSW1   0x000fe3       data     extern E:\3.46\pic18-lt\cxx-framework\src\traditional\proc\p18f4620.asm
                  PREINC1   0x000fe4       data     extern E:\3.46\pic18-lt\cxx-framework\src\traditional\proc\p18f4620.asm
                 POSTDEC1   0x000fe5       data     extern E:\3.46\pic18-lt\cxx-framework\src\traditional\proc\p18f4620.asm
                 POSTINC1   0x000fe6       data     extern E:\3.46\pic18-lt\cxx-framework\src\traditional\proc\p18f4620.asm
                    INDF1   0x000fe7       data     extern E:\3.46\pic18-lt\cxx-framework\src\traditional\proc\p18f4620.asm
                     WREG   0x000fe8       data     extern E:\3.46\pic18-lt\cxx-framework\src\traditional\proc\p18f4620.asm
                        W   0x000fe8       data     extern E:\3.46\pic18-lt\cxx-framework\src\traditional\proc\p18f4620.asm
                    FSR0L   0x000fe9       data     extern E:\3.46\pic18-lt\cxx-framework\src\traditional\proc\p18f4620.asm
                     FSR0   0x000fe9       data     extern E:\3.46\pic18-lt\cxx-framework\src\traditional\proc\p18f4620.asm
                    FSR0H   0x000fea       data     extern E:\3.46\pic18-lt\cxx-framework\src\traditional\proc\p18f4620.asm
                   PLUSW0   0x000feb       data     extern E:\3.46\pic18-lt\cxx-framework\src\traditional\proc\p18f4620.asm
                  PREINC0   0x000fec       data     extern E:\3.46\pic18-lt\cxx-framework\src\traditional\proc\p18f4620.asm
                 POSTDEC0   0x000fed       data     extern E:\3.46\pic18-lt\cxx-framework\src\traditional\proc\p18f4620.asm
                 POSTINC0   0x000fee       data     extern E:\3.46\pic18-lt\cxx-framework\src\traditional\proc\p18f4620.asm
                    INDF0   0x000fef       data     extern E:\3.46\pic18-lt\cxx-framework\src\traditional\proc\p18f4620.asm
                  INTCON3   0x000ff0       data     extern E:\3.46\pic18-lt\cxx-framework\src\traditional\proc\p18f4620.asm
              INTCON3bits   0x000ff0       data     extern E:\3.46\pic18-lt\cxx-framework\src\traditional\proc\p18f4620.asm
                  INTCON2   0x000ff1       data     extern E:\3.46\pic18-lt\cxx-framework\src\traditional\proc\p18f4620.asm
              INTCON2bits   0x000ff1       data     extern E:\3.46\pic18-lt\cxx-framework\src\traditional\proc\p18f4620.asm
               INTCONbits   0x000ff2       data     extern E:\3.46\pic18-lt\cxx-framework\src\traditional\proc\p18f4620.asm
                   INTCON   0x000ff2       data     extern E:\3.46\pic18-lt\cxx-framework\src\traditional\proc\p18f4620.asm
                    PRODL   0x000ff3       data     extern E:\3.46\pic18-lt\cxx-framework\src\traditional\proc\p18f4620.asm
                     PROD   0x000ff3       data     extern E:\3.46\pic18-lt\cxx-framework\src\traditional\proc\p18f4620.asm
                    PRODH   0x000ff4       data     extern E:\3.46\pic18-lt\cxx-framework\src\traditional\proc\p18f4620.asm
                   TABLAT   0x000ff5       data     extern E:\3.46\pic18-lt\cxx-framework\src\traditional\proc\p18f4620.asm
                   TBLPTR   0x000ff6       data     extern E:\3.46\pic18-lt\cxx-framework\src\traditional\proc\p18f4620.asm
                  TBLPTRL   0x000ff6       data     extern E:\3.46\pic18-lt\cxx-framework\src\traditional\proc\p18f4620.asm
                  TBLPTRH   0x000ff7       data     extern E:\3.46\pic18-lt\cxx-framework\src\traditional\proc\p18f4620.asm
                  TBLPTRU   0x000ff8       data     extern E:\3.46\pic18-lt\cxx-framework\src\traditional\proc\p18f4620.asm
                      PCL   0x000ff9       data     extern E:\3.46\pic18-lt\cxx-framework\src\traditional\proc\p18f4620.asm
                       PC   0x000ff9       data     extern E:\3.46\pic18-lt\cxx-framework\src\traditional\proc\p18f4620.asm
                   PCLATH   0x000ffa       data     extern E:\3.46\pic18-lt\cxx-framework\src\traditional\proc\p18f4620.asm
                   PCLATU   0x000ffb       data     extern E:\3.46\pic18-lt\cxx-framework\src\traditional\proc\p18f4620.asm
               STKPTRbits   0x000ffc       data     extern E:\3.46\pic18-lt\cxx-framework\src\traditional\proc\p18f4620.asm
                   STKPTR   0x000ffc       data     extern E:\3.46\pic18-lt\cxx-framework\src\traditional\proc\p18f4620.asm
                      TOS   0x000ffd       data     extern E:\3.46\pic18-lt\cxx-framework\src\traditional\proc\p18f4620.asm
                     TOSL   0x000ffd       data     extern E:\3.46\pic18-lt\cxx-framework\src\traditional\proc\p18f4620.asm
                     TOSH   0x000ffe       data     extern E:\3.46\pic18-lt\cxx-framework\src\traditional\proc\p18f4620.asm
                     TOSU   0x000fff       data     extern E:\3.46\pic18-lt\cxx-framework\src\traditional\proc\p18f4620.asm


